// Vitest Snapshot v1

exports[`AnchorTarget > <slot> > should render default slot 1`] = `
"<h1 id=\\"test-target\\" class=\\"t-anchor__target\\">this is default slots<svg fill=\\"none\\" viewBox=\\"0 0 24 24\\" width=\\"1em\\" height=\\"1em\\" class=\\"t-icon t-icon-file-copy t-anchor__copy\\" style=\\"fill: none;\\">
    <g id=\\"file-copy\\">
      <path id=\\"fill1\\" fill=\\"transparent\\" d=\\"M7 18V2H14V8H20V18H7Z\\"></path>
      <path id=\\"stroke1\\" stroke=\\"currentColor\\" d=\\"M14 2V8H20M14 2H15L20 7V8M14 2H7V18H20V8\\" stroke-width=\\"2\\"></path>
      <path id=\\"stroke2\\" stroke=\\"currentColor\\" d=\\"M3 6L3 22H14\\" stroke-linecap=\\"square\\" stroke-width=\\"2\\"></path>
    </g>
  </svg></h1>"
`;
