// Jest Snapshot v1, https://goo.gl/fbAQLP

exports[`Slider :props  1`] = `
<div class="t-slider__container" aria-valuetext="0">
  <div role="slider" aria-valuemin="0" aria-valuemax="100" aria-orientation="horizontal" class="t-slider">
    <div class="t-slider__rail">
      <div class="t-slider__track" style="width: 0%; left: 0%;"></div>
      <div tabindex="0" show-tooltip="true" class="t-slider__button-wrapper" style="left: 0%;">
        <div class="t-slider__button"></div>
      </div>
    </div>
  </div>
</div>
`;

exports[`Slider [marks] render right 1`] = `
<div class="t-slider__container" aria-valuetext="2">
  <div role="slider" aria-valuemin="0" aria-valuemax="100" aria-orientation="horizontal" class="t-slider t-slider--with-input">
    <div class="t-slider__rail show-input">
      <div class="t-slider__track" style="width: 2%; left: 0%;"></div>
      <div tabindex="0" show-tooltip="true" class="t-slider__button-wrapper" style="left: 2%;">
        <div class="t-slider__button"></div>
      </div>
      <div>
        <div>
          <div class="t-slider__stop t-slider__mark-stop" style="left: 0%;"></div>
          <div class="t-slider__stop t-slider__mark-stop" style="left: 8%;"></div>
          <div class="t-slider__stop t-slider__mark-stop" style="left: 12%;"></div>
          <div class="t-slider__stop t-slider__mark-stop" style="left: 37%;"></div>
        </div>
        <div class="t-slider__mark">
          <div class="t-slider__mark-text" style="left: 0%;">0°C</div>
          <div class="t-slider__mark-text" style="left: 8%;">8°C</div>
          <div class="t-slider__mark-text" style="left: 12%;">12°C</div>
          <div class="t-slider__mark-text" style="left: 37%;">37°C</div>
        </div>
      </div>
    </div>
  </div>
  <div class="t-slider__input-container">
    <div class="t-input-number t-size-m t-is-controls-right t-input-number--column t-slider__input"><button type="button" class="t-button t-size-m t-button--variant-outline t-button--theme-default t-button--shape-square t-input-number__decrease"><svg fill="none" viewBox="0 0 16 16" width="1em" height="1em" class="t-icon t-icon-chevron-down t-size-m">
          <path fill="currentColor" d="M3.54 6.46l.92-.92L8 9.08l3.54-3.54.92.92L8 10.92 3.54 6.46z" fill-opacity="0.9"></path>
        </svg></button>
      <div class="t-input__wrap">
        <div ref="refInputElem" class="t-input t-size-m t-is-default"><input autocomplete="off" placeholder="" type="text" unselectable="off" class="t-input__inner"></div>
      </div><button type="button" class="t-button t-size-m t-button--variant-outline t-button--theme-default t-button--shape-square t-input-number__increase"><svg fill="none" viewBox="0 0 16 16" width="1em" height="1em" class="t-icon t-icon-chevron-up t-size-m">
          <path fill="currentColor" d="M12.46 9.54l-.92.92L8 6.92l-3.54 3.54-.92-.92L8 5.08l4.46 4.46z" fill-opacity="0.9"></path>
        </svg></button>
    </div>
  </div>
</div>
`;

exports[`Slider [vertical-marks] render right 1`] = `
<div class="t-slider__container is-vertical" aria-valuetext="30-70">
  <div role="slider" aria-valuemin="0" aria-valuemax="100" aria-orientation="vertical" class="t-slider is-vertical t-slider--vertical">
    <div class="t-slider__rail" style="height: 100%;">
      <div class="t-slider__track" style="height: 40%; bottom: 30%;"></div>
      <div tabindex="0" show-tooltip="true" class="t-slider__button-wrapper" style="bottom: 30%;">
        <div class="t-slider__button"></div>
      </div>
      <div tabindex="0" show-tooltip="true" class="t-slider__button-wrapper" style="bottom: 70%;">
        <div class="t-slider__button"></div>
      </div>
      <div>
        <div>
          <div class="t-slider__stop t-slider__mark-stop" style="top: calc(100% - 1px);"></div>
          <div class="t-slider__stop t-slider__mark-stop" style="top: calc(92% - 1px);"></div>
          <div class="t-slider__stop t-slider__mark-stop" style="top: calc(88% - 1px);"></div>
          <div class="t-slider__stop t-slider__mark-stop" style="top: calc(63% - 1px);"></div>
        </div>
        <div class="t-slider__mark">
          <div class="t-slider__mark-text" style="top: calc(100% - 1px);">0°C</div>
          <div class="t-slider__mark-text" style="top: calc(92% - 1px);">8°C</div>
          <div class="t-slider__mark-text" style="top: calc(88% - 1px);">12°C</div>
          <div class="t-slider__mark-text" style="top: calc(63% - 1px);">37°C</div>
        </div>
      </div>
    </div>
  </div>
</div>
`;
