// Vitest Snapshot v1, https://vitest.dev/guide/snapshot.html

exports[`Breadcrumb > <slot> > <separator> 1`] = `
<div
  class="t-breadcrumb"
  size="large"
>
  <div
    class="t-breadcrumb__item light"
  >
    <span
      class="t-breadcrumb--text-overflow"
    >
      <span
        class="t-breadcrumb__inner"
        style="max-width: 120px;"
      >
        <span
          class="t-breadcrumb__inner-text"
        >
          面包屑1
        </span>
      </span>
    </span>
    <span
      class="t-breadcrumb__separator"
    >
      <svg
        class="t-icon t-icon-chevron-right"
        fill="none"
        height="1em"
        style="fill: none;"
        viewBox="0 0 24 24"
        width="1em"
      >
        <g
          id="chevron-right"
        >
          <path
            d="M9.5 17.5L15 12L9.5 6.5"
            id="stroke1"
            stroke="currentColor"
            stroke-linecap="square"
            stroke-width="2"
          />
        </g>
      </svg>
    </span>
  </div>
  <div
    class="t-breadcrumb__item light"
  >
    <span
      class="t-breadcrumb--text-overflow"
    >
      <span
        class="t-breadcrumb__inner"
        style="max-width: 120px;"
      >
        <span
          class="t-breadcrumb__inner-text"
        >
          面包屑2
        </span>
      </span>
    </span>
    <span
      class="t-breadcrumb__separator"
    >
      <svg
        class="t-icon t-icon-chevron-right"
        fill="none"
        height="1em"
        style="fill: none;"
        viewBox="0 0 24 24"
        width="1em"
      >
        <g
          id="chevron-right"
        >
          <path
            d="M9.5 17.5L15 12L9.5 6.5"
            id="stroke1"
            stroke="currentColor"
            stroke-linecap="square"
            stroke-width="2"
          />
        </g>
      </svg>
    </span>
  </div>
</div>
`;
