// Jest Snapshot v1, https://goo.gl/fbAQLP

exports[`Table base demo works fine 1`] = `
<div
  class="tdesign-demo-block-column-large"
>
  <div>
    <label
      class="t-checkbox t-is-checked"
    >
      <input
        class="t-checkbox__former"
        type="checkbox"
        value=""
      />
      <span
        class="t-checkbox__input"
      />
      <span
        class="t-checkbox__label"
      >
        显示斑马纹
      </span>
    </label>
     
    <label
      class="t-checkbox t-is-checked"
    >
      <input
        class="t-checkbox__former"
        type="checkbox"
        value=""
      />
      <span
        class="t-checkbox__input"
      />
      <span
        class="t-checkbox__label"
      >
        显示表格边框
      </span>
    </label>
     
    <label
      class="t-checkbox"
    >
      <input
        class="t-checkbox__former"
        type="checkbox"
        value=""
      />
      <span
        class="t-checkbox__input"
      />
      <span
        class="t-checkbox__label"
      >
        显示悬浮效果
      </span>
    </label>
     
    <label
      class="t-checkbox"
    >
      <input
        class="t-checkbox__former"
        type="checkbox"
        value=""
      />
      <span
        class="t-checkbox__input"
      />
      <span
        class="t-checkbox__label"
      >
        宽度自适应
      </span>
    </label>
  </div>
   
  <div
    class="t-table t-size-m t-table--bordered t-table--striped"
    style="position: relative;"
  >
    <div
      class="t-table__content"
    >
      <table
        class="t-table--layout-fixed"
      >
        <colgroup>
          <col
            style="width: 100px;"
          />
          <col
            style="width: 100px;"
          />
          <col />
          <col />
          <col />
          <col
            style="width: 200px;"
          />
        </colgroup>
        <thead
          class="t-table__header"
        >
          <tr>
            <th
              class="row t-table__th-index"
              data-colkey="index"
            >
              <div
                class="t-table__th-cell-inner"
              >
                序号
              </div>
            </th>
            <th
              class="t-table__th-platform"
              data-colkey="platform"
            >
              <div
                class="t-table__th-cell-inner"
              >
                平台
              </div>
            </th>
            <th
              class="t-table__th-type"
              data-colkey="type"
            >
              <div
                class="t-table__th-cell-inner"
              >
                类型
              </div>
            </th>
            <th
              class="t-table__th-default"
              data-colkey="default"
            >
              <div
                class="t-table__th-cell-inner"
              >
                默认值
              </div>
            </th>
            <th
              class="t-table__th-needed"
              data-colkey="needed"
            >
              <div
                class="t-table__th-cell-inner"
              >
                是否必传
              </div>
            </th>
            <th
              class="t-table__th-detail.postion"
              data-colkey="detail.postion"
            >
              <div
                class="t-table__th-cell-inner"
              >
                详情信息
              </div>
            </th>
          </tr>
        </thead>
        <tbody
          class="t-table__body"
        >
          <tr
            class=""
          >
            <td
              class="row"
            >
              0
            </td>
            <td
              class=""
            >
              共有
            </td>
            <td
              class=""
            >
              String
            </td>
            <td
              class=""
            >
              -
            </td>
            <td
              class=""
            >
              是
            </td>
            <td
              class="t-table-td--ellipsis"
            >
              <div
                class="t-table__ellipsis t-text-ellipsis"
              >
                读取 0 个数据的嵌套信息值
              </div>
            </td>
          </tr>
          <tr
            class=""
          >
            <td
              class="row"
            >
              1
            </td>
            <td
              class=""
            >
              私有
            </td>
            <td
              class=""
            >
              Number
            </td>
            <td
              class=""
            >
              0
            </td>
            <td
              class=""
            >
              否
            </td>
            <td
              class="t-table-td--ellipsis"
            >
              <div
                class="t-table__ellipsis t-text-ellipsis"
              >
                读取 1 个数据的嵌套信息值
              </div>
            </td>
          </tr>
          <tr
            class=""
          >
            <td
              class="row"
            >
              2
            </td>
            <td
              class=""
            >
              共有
            </td>
            <td
              class=""
            >
              Array
            </td>
            <td
              class=""
            >
              []
            </td>
            <td
              class=""
            >
              否
            </td>
            <td
              class="t-table-td--ellipsis"
            >
              <div
                class="t-table__ellipsis t-text-ellipsis"
              >
                读取 2 个数据的嵌套信息值
              </div>
            </td>
          </tr>
          <tr
            class=""
          >
            <td
              class="row"
            >
              3
            </td>
            <td
              class=""
            >
              私有
            </td>
            <td
              class=""
            >
              Object
            </td>
            <td
              class=""
            >
              {}
            </td>
            <td
              class=""
            >
              否
            </td>
            <td
              class="t-table-td--ellipsis"
            >
              <div
                class="t-table__ellipsis t-text-ellipsis"
              >
                读取 3 个数据的嵌套信息值
              </div>
            </td>
          </tr>
          <tr
            class=""
          >
            <td
              class="row"
            >
              4
            </td>
            <td
              class=""
            >
              共有
            </td>
            <td
              class=""
            >
              String
            </td>
            <td
              class=""
            >
              -
            </td>
            <td
              class=""
            >
              是
            </td>
            <td
              class="t-table-td--ellipsis"
            >
              <div
                class="t-table__ellipsis t-text-ellipsis"
              >
                读取 4 个数据的嵌套信息值
              </div>
            </td>
          </tr>
        </tbody>
      </table>
    </div>
  </div>
</div>
`;

exports[`Table base demo works fine 2`] = `
<div
  class="tdesign-demo-block-column-large"
>
  <div>
    <label
      class="t-checkbox t-is-checked"
    >
      <input
        class="t-checkbox__former"
        type="checkbox"
        value=""
      />
      <span
        class="t-checkbox__input"
      />
      <span
        class="t-checkbox__label"
      >
        显示斑马纹
      </span>
    </label>
     
    <label
      class="t-checkbox t-is-checked"
    >
      <input
        class="t-checkbox__former"
        type="checkbox"
        value=""
      />
      <span
        class="t-checkbox__input"
      />
      <span
        class="t-checkbox__label"
      >
        显示表格边框
      </span>
    </label>
     
    <label
      class="t-checkbox"
    >
      <input
        class="t-checkbox__former"
        type="checkbox"
        value=""
      />
      <span
        class="t-checkbox__input"
      />
      <span
        class="t-checkbox__label"
      >
        显示悬浮效果
      </span>
    </label>
     
    <label
      class="t-checkbox"
    >
      <input
        class="t-checkbox__former"
        type="checkbox"
        value=""
      />
      <span
        class="t-checkbox__input"
      />
      <span
        class="t-checkbox__label"
      >
        宽度自适应
      </span>
    </label>
  </div>
   
  <div
    class="t-table t-size-m t-table--bordered t-table--striped"
    style="position: relative;"
  >
    <div
      class="t-table__content"
    >
      <table
        class="t-table--layout-fixed"
      >
        <colgroup>
          <col
            style="width: 100px;"
          />
          <col
            style="width: 100px;"
          />
          <col />
          <col />
          <col />
          <col
            style="width: 200px;"
          />
        </colgroup>
        <thead
          class="t-table__header"
        >
          <tr>
            <th
              class="row t-table__th-index"
              data-colkey="index"
            >
              <div
                class="t-table__th-cell-inner"
              >
                序号
              </div>
            </th>
            <th
              class="t-table__th-platform"
              data-colkey="platform"
            >
              <div
                class="t-table__th-cell-inner"
              >
                平台
              </div>
            </th>
            <th
              class="t-table__th-type"
              data-colkey="type"
            >
              <div
                class="t-table__th-cell-inner"
              >
                类型
              </div>
            </th>
            <th
              class="t-table__th-default"
              data-colkey="default"
            >
              <div
                class="t-table__th-cell-inner"
              >
                默认值
              </div>
            </th>
            <th
              class="t-table__th-needed"
              data-colkey="needed"
            >
              <div
                class="t-table__th-cell-inner"
              >
                是否必传
              </div>
            </th>
            <th
              class="t-table__th-detail.postion"
              data-colkey="detail.postion"
            >
              <div
                class="t-table__th-cell-inner"
              >
                详情信息
              </div>
            </th>
          </tr>
        </thead>
        <tbody
          class="t-table__body"
        >
          <tr
            class=""
          >
            <td
              class="row"
            >
              0
            </td>
            <td
              class=""
            >
              共有
            </td>
            <td
              class=""
            >
              String
            </td>
            <td
              class=""
            >
              -
            </td>
            <td
              class=""
            >
              是
            </td>
            <td
              class="t-table-td--ellipsis"
            >
              <div
                class="t-table__ellipsis t-text-ellipsis"
              >
                读取 0 个数据的嵌套信息值
              </div>
            </td>
          </tr>
          <tr
            class=""
          >
            <td
              class="row"
            >
              1
            </td>
            <td
              class=""
            >
              私有
            </td>
            <td
              class=""
            >
              Number
            </td>
            <td
              class=""
            >
              0
            </td>
            <td
              class=""
            >
              否
            </td>
            <td
              class="t-table-td--ellipsis"
            >
              <div
                class="t-table__ellipsis t-text-ellipsis"
              >
                读取 1 个数据的嵌套信息值
              </div>
            </td>
          </tr>
          <tr
            class=""
          >
            <td
              class="row"
            >
              2
            </td>
            <td
              class=""
            >
              共有
            </td>
            <td
              class=""
            >
              Array
            </td>
            <td
              class=""
            >
              []
            </td>
            <td
              class=""
            >
              否
            </td>
            <td
              class="t-table-td--ellipsis"
            >
              <div
                class="t-table__ellipsis t-text-ellipsis"
              >
                读取 2 个数据的嵌套信息值
              </div>
            </td>
          </tr>
          <tr
            class=""
          >
            <td
              class="row"
            >
              3
            </td>
            <td
              class=""
            >
              私有
            </td>
            <td
              class=""
            >
              Object
            </td>
            <td
              class=""
            >
              {}
            </td>
            <td
              class=""
            >
              否
            </td>
            <td
              class="t-table-td--ellipsis"
            >
              <div
                class="t-table__ellipsis t-text-ellipsis"
              >
                读取 3 个数据的嵌套信息值
              </div>
            </td>
          </tr>
          <tr
            class=""
          >
            <td
              class="row"
            >
              4
            </td>
            <td
              class=""
            >
              共有
            </td>
            <td
              class=""
            >
              String
            </td>
            <td
              class=""
            >
              -
            </td>
            <td
              class=""
            >
              是
            </td>
            <td
              class="t-table-td--ellipsis"
            >
              <div
                class="t-table__ellipsis t-text-ellipsis"
              >
                读取 4 个数据的嵌套信息值
              </div>
            </td>
          </tr>
        </tbody>
      </table>
    </div>
  </div>
</div>
`;

exports[`Table customCell demo works fine 1`] = `
<div>
  <div
    class="t-table t-size-m t-vertical-align-top"
    style="position: relative;"
  >
    <div
      class="t-table__content"
    >
      <table
        class="t-table--layout-fixed"
      >
        <colgroup>
          <col />
          <col />
          <col />
          <col />
        </colgroup>
        <thead
          class="t-table__header"
        >
          <tr>
            <th
              class="t-table__th-type"
              data-colkey="type"
            >
              <div
                class="t-table__th-cell-inner"
              >
                类型
              </div>
            </th>
            <th
              class="t-table__th-platform"
              data-colkey="platform"
            >
              <div
                class="t-table__th-cell-inner"
              >
                平台
              </div>
            </th>
            <th
              class="t-table__th-property"
              data-colkey="property"
            >
              <div
                class="t-table__th-cell-inner"
              >
                属性名
              </div>
            </th>
            <th
              class="t-table__th-description"
              data-colkey="description"
            >
              <div
                class="t-table__th-cell-inner"
              >
                render
              </div>
            </th>
          </tr>
        </thead>
        <tbody
          class="t-table__body"
        >
          <tr
            class=""
          >
            <td
              class=""
            >
               自定义插槽名称：any[] 
            </td>
            <td
              class=""
            >
              <svg
                class="t-icon t-icon-attach"
                fill="none"
                height="1em"
                viewBox="0 0 16 16"
                width="1em"
              >
                <path
                  d="M12.13 3.86a2.02 2.02 0 00-2.85 0l-7.2 7.21-.71-.7 7.2-7.21a3.02 3.02 0 114.27 4.26L7 13.26a1.88 1.88 0 01-2.66-2.66L10 4.93l.71.7-5.67 5.68a.88.88 0 101.25 1.25l5.84-5.84c.79-.8.78-2.08-.01-2.86z"
                  fill="currentColor"
                  fill-opacity="0.9"
                />
              </svg>
              <a
                class="link"
                href="#"
              >
                公有
              </a>
              （插槽自定义单元格）
    
            </td>
            <td
              class=""
            >
              <div>
                使用 cell 方法自定义单元格：data
              </div>
            </td>
            <td
              class=""
            >
              render 方法渲染单元格: 0-3
            </td>
          </tr>
          <tr
            class=""
          >
            <td
              class=""
            >
               自定义插槽名称：String 
            </td>
            <td
              class=""
            >
              <svg
                class="t-icon t-icon-attach"
                fill="none"
                height="1em"
                viewBox="0 0 16 16"
                width="1em"
              >
                <path
                  d="M12.13 3.86a2.02 2.02 0 00-2.85 0l-7.2 7.21-.71-.7 7.2-7.21a3.02 3.02 0 114.27 4.26L7 13.26a1.88 1.88 0 01-2.66-2.66L10 4.93l.71.7-5.67 5.68a.88.88 0 101.25 1.25l5.84-5.84c.79-.8.78-2.08-.01-2.86z"
                  fill="currentColor"
                  fill-opacity="0.9"
                />
              </svg>
              <a
                class="link"
                href="#"
              >
                公有
              </a>
              （插槽自定义单元格）
    
            </td>
            <td
              class=""
            >
              <div>
                使用 cell 方法自定义单元格：rowkey
              </div>
            </td>
            <td
              class=""
            >
              render 方法渲染单元格: 1-3
            </td>
          </tr>
        </tbody>
      </table>
    </div>
  </div>
</div>
`;

exports[`Table empty demo works fine 1`] = `
<div
  class="tdesign-demo-block-column-large"
>
  <div
    class="t-table t-size-m"
    style="position: relative;"
  >
    <div
      class="t-table__content"
    >
      <table
        class="t-table--layout-fixed"
      >
        <colgroup>
          <col />
          <col />
          <col />
          <col />
          <col />
          <col />
        </colgroup>
        <thead
          class="t-table__header"
        >
          <tr>
            <th
              class="t-table__th-type"
              data-colkey="type"
            >
              <div
                class="t-table__th-cell-inner"
              >
                类型
              </div>
            </th>
            <th
              class="t-table__th-platform"
              data-colkey="platform"
            >
              <div
                class="t-table__th-cell-inner"
              >
                平台
              </div>
            </th>
            <th
              class="t-table__th-property"
              data-colkey="property"
            >
              <div
                class="t-table__th-cell-inner"
              >
                属性
              </div>
            </th>
            <th
              class="t-table__th-default"
              data-colkey="default"
            >
              <div
                class="t-table__th-cell-inner"
              >
                默认值
              </div>
            </th>
            <th
              class="t-table__th-needed"
              data-colkey="needed"
            >
              <div
                class="t-table__th-cell-inner"
              >
                是否必传
              </div>
            </th>
            <th
              class="t-table__th-description"
              data-colkey="description"
            >
              <div
                class="t-table__th-cell-inner"
              >
                说明
              </div>
            </th>
          </tr>
        </thead>
        <tbody
          class="t-table__body"
        >
          <tr
            class="t-table__empty-row"
          >
            <td
              colspan="6"
            >
              <div
                class="t-table__empty"
              >
                暂无数据
              </div>
            </td>
          </tr>
        </tbody>
      </table>
    </div>
  </div>
   
  <div
    class="t-table t-size-m"
    style="position: relative;"
  >
    <div
      class="t-table__content"
    >
      <table
        class="t-table--layout-fixed"
      >
        <colgroup>
          <col />
          <col />
          <col />
          <col />
          <col />
          <col />
        </colgroup>
        <thead
          class="t-table__header"
        >
          <tr>
            <th
              class="t-table__th-type"
              data-colkey="type"
            >
              <div
                class="t-table__th-cell-inner"
              >
                类型
              </div>
            </th>
            <th
              class="t-table__th-platform"
              data-colkey="platform"
            >
              <div
                class="t-table__th-cell-inner"
              >
                平台
              </div>
            </th>
            <th
              class="t-table__th-property"
              data-colkey="property"
            >
              <div
                class="t-table__th-cell-inner"
              >
                属性
              </div>
            </th>
            <th
              class="t-table__th-default"
              data-colkey="default"
            >
              <div
                class="t-table__th-cell-inner"
              >
                默认值
              </div>
            </th>
            <th
              class="t-table__th-needed"
              data-colkey="needed"
            >
              <div
                class="t-table__th-cell-inner"
              >
                是否必传
              </div>
            </th>
            <th
              class="t-table__th-description"
              data-colkey="description"
            >
              <div
                class="t-table__th-cell-inner"
              >
                说明
              </div>
            </th>
          </tr>
        </thead>
        <tbody
          class="t-table__body"
        >
          <tr
            class="t-table__empty-row"
          >
            <td
              colspan="6"
            >
              <div
                class="t-table__empty"
              >
                <span>
                  😊 使用插槽自定义的空内容 😊
                </span>
              </div>
            </td>
          </tr>
        </tbody>
      </table>
    </div>
  </div>
   
  <div
    class="t-table t-size-m"
    style="position: relative;"
  >
    <div
      class="t-table__content"
    >
      <table
        class="t-table--layout-fixed"
      >
        <colgroup>
          <col />
          <col />
          <col />
          <col />
          <col />
          <col />
        </colgroup>
        <thead
          class="t-table__header"
        >
          <tr>
            <th
              class="t-table__th-type"
              data-colkey="type"
            >
              <div
                class="t-table__th-cell-inner"
              >
                类型
              </div>
            </th>
            <th
              class="t-table__th-platform"
              data-colkey="platform"
            >
              <div
                class="t-table__th-cell-inner"
              >
                平台
              </div>
            </th>
            <th
              class="t-table__th-property"
              data-colkey="property"
            >
              <div
                class="t-table__th-cell-inner"
              >
                属性
              </div>
            </th>
            <th
              class="t-table__th-default"
              data-colkey="default"
            >
              <div
                class="t-table__th-cell-inner"
              >
                默认值
              </div>
            </th>
            <th
              class="t-table__th-needed"
              data-colkey="needed"
            >
              <div
                class="t-table__th-cell-inner"
              >
                是否必传
              </div>
            </th>
            <th
              class="t-table__th-description"
              data-colkey="description"
            >
              <div
                class="t-table__th-cell-inner"
              >
                说明
              </div>
            </th>
          </tr>
        </thead>
        <tbody
          class="t-table__body"
        >
          <tr
            class="t-table__empty-row"
          >
            <td
              colspan="6"
            >
              <div
                class="t-table__empty"
              >
                <span>
                  😊 使用渲染函数自定义的空内容 😊
                </span>
              </div>
            </td>
          </tr>
        </tbody>
      </table>
    </div>
  </div>
</div>
`;

exports[`Table expandable demo works fine 1`] = `
<div
  class="tdesign-demo-block-column"
>
  <div>
    <div
      class="t-radio-group t-size-m t-radio-group--filled"
    >
      <label
        class="t-radio-button t-is-checked"
      >
        <input
          class="t-radio-button__former"
          name=""
          type="radio"
          value="true"
        />
        <span
          class="t-radio-button__input"
        />
        <span
          class="t-radio-button__label"
        >
          显示展开图标
        </span>
      </label>
       
      <label
        class="t-radio-button"
      >
        <input
          class="t-radio-button__former"
          name=""
          type="radio"
          value="false"
        />
        <span
          class="t-radio-button__input"
        />
        <span
          class="t-radio-button__label"
        >
          隐藏展开图标
        </span>
      </label>
       
      <label
        class="t-radio-button"
      >
        <input
          class="t-radio-button__former"
          name=""
          type="radio"
          value="custom"
        />
        <span
          class="t-radio-button__input"
        />
        <span
          class="t-radio-button__label"
        >
          自定义展开图标
        </span>
      </label>
      <div
        class="t-radio-group__bg-block"
        style="width: 0px; left: 0px;"
      />
    </div>
  </div>
   
  <label
    class="t-checkbox t-is-checked"
  >
    <input
      class="t-checkbox__former"
      type="checkbox"
      value=""
    />
    <span
      class="t-checkbox__input"
    />
    <span
      class="t-checkbox__label"
    >
      允许点击行之后展开/收起
    </span>
  </label>
   
  <div
    class="t-table t-size-m"
    style="position: relative;"
  >
    <div
      class="t-table__content"
    >
      <table
        class="t-table--layout-fixed"
      >
        <colgroup>
          <col
            style="width: 64px;"
          />
          <col />
          <col />
          <col />
          <col />
          <col />
        </colgroup>
        <thead
          class="t-table__header"
        >
          <tr>
            <th
              class="t-table__expandable-icon-cell t-table__th-__EXPAND_ROW_ICON_COLUMN__"
              data-colkey="__EXPAND_ROW_ICON_COLUMN__"
            >
              <div
                class="t-table__th-cell-inner"
              />
            </th>
            <th
              class="t-table__th-instance"
              data-colkey="instance"
            >
              <div
                class="t-table__th-cell-inner"
              >
                集群名称
              </div>
            </th>
            <th
              class="t-table__th-status"
              data-colkey="status"
            >
              <div
                class="t-table__th-cell-inner"
              >
                状态
              </div>
            </th>
            <th
              class="t-table__th-owner"
              data-colkey="owner"
            >
              <div
                class="t-table__th-cell-inner"
              >
                管理员
              </div>
            </th>
            <th
              class="t-table__th-description"
              data-colkey="description"
            >
              <div
                class="t-table__th-cell-inner"
              >
                描述
              </div>
            </th>
            <th
              class="t-table__th-op"
              data-colkey="op"
            >
              <div
                class="t-table__th-cell-inner"
              >
                <p>
                  操作
                </p>
              </div>
            </th>
          </tr>
        </thead>
        <tbody
          class="t-table__body"
        >
          <tr
            class=""
          >
            <td
              class="t-table__expandable-icon-cell"
            >
              <span
                class="t-table__expand-box t-table__row--collapsed"
              >
                <svg
                  class="t-icon t-icon-chevron-right-circle"
                  fill="none"
                  height="1em"
                  viewBox="0 0 16 16"
                  width="1em"
                >
                  <path
                    d="M6.2 5.2L9 8l-2.8 2.8.71.7 3.5-3.5-3.5-3.5-.7.7z"
                    fill="currentColor"
                    fill-opacity="0.9"
                  />
                  <path
                    d="M8 15A7 7 0 118 1a7 7 0 010 14zm0-1A6 6 0 108 2a6 6 0 000 12z"
                    fill="currentColor"
                    fill-opacity="0.9"
                  />
                </svg>
              </span>
            </td>
            <td
              class=""
            >
              JQTest1
            </td>
            <td
              class=""
            >
              <p
                class="status"
              >
                健康
              </p>
               
              <!---->
            </td>
            <td
              class=""
            >
              jenny;peter
            </td>
            <td
              class=""
            >
              test
            </td>
            <td
              class=""
            >
              <a
                class="link"
              >
                管理
              </a>
               
              <a
                class="link"
              >
                删除
              </a>
            </td>
          </tr>
          <tr
            class=""
          >
            <td
              class="t-table__expandable-icon-cell"
            >
              <span
                class="t-table__expand-box t-table__row--collapsed"
              >
                <svg
                  class="t-icon t-icon-chevron-right-circle"
                  fill="none"
                  height="1em"
                  viewBox="0 0 16 16"
                  width="1em"
                >
                  <path
                    d="M6.2 5.2L9 8l-2.8 2.8.71.7 3.5-3.5-3.5-3.5-.7.7z"
                    fill="currentColor"
                    fill-opacity="0.9"
                  />
                  <path
                    d="M8 15A7 7 0 118 1a7 7 0 010 14zm0-1A6 6 0 108 2a6 6 0 000 12z"
                    fill="currentColor"
                    fill-opacity="0.9"
                  />
                </svg>
              </span>
            </td>
            <td
              class=""
            >
              JQTest2
            </td>
            <td
              class=""
            >
              <!---->
               
              <p
                class="status unhealth"
              >
                异常
              </p>
            </td>
            <td
              class=""
            >
              jenny;peter
            </td>
            <td
              class=""
            >
              test
            </td>
            <td
              class=""
            >
              <a
                class="link"
              >
                管理
              </a>
               
              <a
                class="link"
              >
                删除
              </a>
            </td>
          </tr>
          <tr
            class=""
          >
            <td
              class="t-table__expandable-icon-cell"
            >
              <span
                class="t-table__expand-box t-table__row--collapsed"
              >
                <svg
                  class="t-icon t-icon-chevron-right-circle"
                  fill="none"
                  height="1em"
                  viewBox="0 0 16 16"
                  width="1em"
                >
                  <path
                    d="M6.2 5.2L9 8l-2.8 2.8.71.7 3.5-3.5-3.5-3.5-.7.7z"
                    fill="currentColor"
                    fill-opacity="0.9"
                  />
                  <path
                    d="M8 15A7 7 0 118 1a7 7 0 010 14zm0-1A6 6 0 108 2a6 6 0 000 12z"
                    fill="currentColor"
                    fill-opacity="0.9"
                  />
                </svg>
              </span>
            </td>
            <td
              class=""
            >
              JQTest3
            </td>
            <td
              class=""
            >
              <p
                class="status"
              >
                健康
              </p>
               
              <!---->
            </td>
            <td
              class=""
            >
              jenny;peter
            </td>
            <td
              class=""
            >
              test
            </td>
            <td
              class=""
            >
              <a
                class="link"
              >
                管理
              </a>
               
              <a
                class="link"
              >
                删除
              </a>
            </td>
          </tr>
          <tr
            class=""
          >
            <td
              class="t-table__expandable-icon-cell"
            >
              <span
                class="t-table__expand-box t-table__row--collapsed"
              >
                <svg
                  class="t-icon t-icon-chevron-right-circle"
                  fill="none"
                  height="1em"
                  viewBox="0 0 16 16"
                  width="1em"
                >
                  <path
                    d="M6.2 5.2L9 8l-2.8 2.8.71.7 3.5-3.5-3.5-3.5-.7.7z"
                    fill="currentColor"
                    fill-opacity="0.9"
                  />
                  <path
                    d="M8 15A7 7 0 118 1a7 7 0 010 14zm0-1A6 6 0 108 2a6 6 0 000 12z"
                    fill="currentColor"
                    fill-opacity="0.9"
                  />
                </svg>
              </span>
            </td>
            <td
              class=""
            >
              JQTest4
            </td>
            <td
              class=""
            >
              <!---->
               
              <p
                class="status unhealth"
              >
                异常
              </p>
            </td>
            <td
              class=""
            >
              jenny;peter
            </td>
            <td
              class=""
            >
              test
            </td>
            <td
              class=""
            >
              <a
                class="link"
              >
                管理
              </a>
               
              <a
                class="link"
              >
                删除
              </a>
            </td>
          </tr>
          <tr
            class=""
          >
            <td
              class="t-table__expandable-icon-cell"
            >
              <span
                class="t-table__expand-box t-table__row--collapsed"
              >
                <svg
                  class="t-icon t-icon-chevron-right-circle"
                  fill="none"
                  height="1em"
                  viewBox="0 0 16 16"
                  width="1em"
                >
                  <path
                    d="M6.2 5.2L9 8l-2.8 2.8.71.7 3.5-3.5-3.5-3.5-.7.7z"
                    fill="currentColor"
                    fill-opacity="0.9"
                  />
                  <path
                    d="M8 15A7 7 0 118 1a7 7 0 010 14zm0-1A6 6 0 108 2a6 6 0 000 12z"
                    fill="currentColor"
                    fill-opacity="0.9"
                  />
                </svg>
              </span>
            </td>
            <td
              class=""
            >
              JQTest5
            </td>
            <td
              class=""
            >
              <p
                class="status"
              >
                健康
              </p>
               
              <!---->
            </td>
            <td
              class=""
            >
              jenny;peter
            </td>
            <td
              class=""
            >
              test
            </td>
            <td
              class=""
            >
              <a
                class="link"
              >
                管理
              </a>
               
              <a
                class="link"
              >
                删除
              </a>
            </td>
          </tr>
        </tbody>
      </table>
    </div>
  </div>
</div>
`;

exports[`Table fixedColumn demo works fine 1`] = `
<div
  class="tdesign-demo-block-column"
>
  <div>
    <div
      class="t-radio-group t-size-m t-radio-group--filled"
    >
      <label
        class="t-radio-button"
      >
        <input
          class="t-radio-button__former"
          name=""
          type="radio"
          value="1"
        />
        <span
          class="t-radio-button__input"
        />
        <span
          class="t-radio-button__label"
        >
          左侧固定一列
        </span>
      </label>
       
      <label
        class="t-radio-button t-is-checked"
      >
        <input
          class="t-radio-button__former"
          name=""
          type="radio"
          value="2"
        />
        <span
          class="t-radio-button__input"
        />
        <span
          class="t-radio-button__label"
        >
          左侧固定两列
        </span>
      </label>
      <div
        class="t-radio-group__bg-block"
        style="width: 0px; left: 0px;"
      />
    </div>
  </div>
   
  <div>
    <div
      class="t-radio-group t-size-m t-radio-group--filled"
    >
      <label
        class="t-radio-button t-is-checked"
      >
        <input
          class="t-radio-button__former"
          name=""
          type="radio"
          value="1"
        />
        <span
          class="t-radio-button__input"
        />
        <span
          class="t-radio-button__label"
        >
          右侧固定一列
        </span>
      </label>
       
      <label
        class="t-radio-button"
      >
        <input
          class="t-radio-button__former"
          name=""
          type="radio"
          value="2"
        />
        <span
          class="t-radio-button__input"
        />
        <span
          class="t-radio-button__label"
        >
          右侧固定两列
        </span>
      </label>
      <div
        class="t-radio-group__bg-block"
        style="width: 0px; left: 0px;"
      />
    </div>
  </div>
   
  <div>
    <div
      class="t-radio-group t-size-m t-radio-group--filled"
    >
      <label
        class="t-radio-button t-is-checked"
      >
        <input
          class="t-radio-button__former"
          name=""
          type="radio"
          value="fixed"
        />
        <span
          class="t-radio-button__input"
        />
        <span
          class="t-radio-button__label"
        >
          table-layout: fixed
        </span>
      </label>
       
      <label
        class="t-radio-button"
      >
        <input
          class="t-radio-button__former"
          name=""
          type="radio"
          value="auto"
        />
        <span
          class="t-radio-button__input"
        />
        <span
          class="t-radio-button__label"
        >
          table-layout: auto
        </span>
      </label>
      <div
        class="t-radio-group__bg-block"
        style="width: 0px; left: 0px;"
      />
    </div>
  </div>
   
  <div
    class="t-table t-size-m t-table--bordered t-table--column-fixed"
    style="position: relative;"
  >
    <div
      class="t-table__content"
    >
      <table
        class="t-table--layout-fixed"
      >
        <colgroup>
          <col
            style="width: 80px;"
          />
          <col
            style="width: 100px;"
          />
          <col
            style="width: 150px;"
          />
          <col
            style="width: 150px;"
          />
          <col
            style="width: 250px;"
          />
          <col
            style="width: 100px;"
          />
          <col
            style="width: 150px;"
          />
          <col
            style="width: 100px;"
          />
        </colgroup>
        <thead
          class="t-table__header"
        >
          <tr>
            <th
              class="t-table__th-index"
              data-colkey="index"
            >
              <div
                class="t-table__th-cell-inner"
              >
                序号
              </div>
            </th>
            <th
              class="t-table__th-platform"
              data-colkey="platform"
            >
              <div
                class="t-table__th-cell-inner"
              >
                平台
              </div>
            </th>
            <th
              class="t-table__th-type"
              data-colkey="type"
            >
              <div
                class="t-table__th-cell-inner"
              >
                类型
              </div>
            </th>
            <th
              class="t-table__th-default"
              data-colkey="default"
            >
              <div
                class="t-table__th-cell-inner"
              >
                默认值
              </div>
            </th>
            <th
              class="t-table__th-detail.postion"
              data-colkey="detail.postion"
            >
              <div
                class="t-table__th-cell-inner"
              >
                详情信息
              </div>
            </th>
            <th
              class="t-table__th-description"
              data-colkey="description"
            >
              <div
                class="t-table__th-cell-inner"
              >
                说明
              </div>
            </th>
            <th
              class="t-table__th-needed"
              data-colkey="needed"
            >
              <div
                class="t-table__th-cell-inner"
              >
                是否必传
              </div>
            </th>
            <th
              class="t-table__th-operation"
              data-colkey="operation"
            >
              <div
                class="t-table__th-cell-inner"
              >
                操作
              </div>
            </th>
          </tr>
        </thead>
        <tbody
          class="t-table__body"
        >
          <tr
            class=""
          >
            <td
              class=""
            >
              0
            </td>
            <td
              class=""
            >
              共有
            </td>
            <td
              class=""
            >
              String
            </td>
            <td
              class=""
            >
              -
            </td>
            <td
              class=""
            >
              读取 0 个数据的嵌套信息值
            </td>
            <td
              class=""
            >
              数据源
            </td>
            <td
              class=""
            >
              是
            </td>
            <td
              class=""
            >
              <a
                class="link"
              >
                删除
              </a>
            </td>
          </tr>
          <tr
            class=""
          >
            <td
              class=""
            >
              1
            </td>
            <td
              class=""
            >
              私有
            </td>
            <td
              class=""
            >
              Number
            </td>
            <td
              class=""
            >
              0
            </td>
            <td
              class=""
            >
              读取 1 个数据的嵌套信息值
            </td>
            <td
              class=""
            >
              数据源
            </td>
            <td
              class=""
            >
              否
            </td>
            <td
              class=""
            >
              <a
                class="link"
              >
                删除
              </a>
            </td>
          </tr>
          <tr
            class=""
          >
            <td
              class=""
            >
              2
            </td>
            <td
              class=""
            >
              共有
            </td>
            <td
              class=""
            >
              Array
            </td>
            <td
              class=""
            >
              []
            </td>
            <td
              class=""
            >
              读取 2 个数据的嵌套信息值
            </td>
            <td
              class=""
            >
              数据源
            </td>
            <td
              class=""
            >
              否
            </td>
            <td
              class=""
            >
              <a
                class="link"
              >
                删除
              </a>
            </td>
          </tr>
          <tr
            class=""
          >
            <td
              class=""
            >
              3
            </td>
            <td
              class=""
            >
              私有
            </td>
            <td
              class=""
            >
              Object
            </td>
            <td
              class=""
            >
              {}
            </td>
            <td
              class=""
            >
              读取 3 个数据的嵌套信息值
            </td>
            <td
              class=""
            >
              数据源
            </td>
            <td
              class=""
            >
              否
            </td>
            <td
              class=""
            >
              <a
                class="link"
              >
                删除
              </a>
            </td>
          </tr>
          <tr
            class=""
          >
            <td
              class=""
            >
              4
            </td>
            <td
              class=""
            >
              共有
            </td>
            <td
              class=""
            >
              String
            </td>
            <td
              class=""
            >
              -
            </td>
            <td
              class=""
            >
              读取 4 个数据的嵌套信息值
            </td>
            <td
              class=""
            >
              数据源
            </td>
            <td
              class=""
            >
              是
            </td>
            <td
              class=""
            >
              <a
                class="link"
              >
                删除
              </a>
            </td>
          </tr>
        </tbody>
      </table>
    </div>
  </div>
</div>
`;

exports[`Table fixedHeader demo works fine 1`] = `
<div>
  <div>
    <div
      class="t-radio-group t-size-m t-radio-group--filled"
    >
      <label
        class="t-radio-button t-is-checked"
      >
        <input
          class="t-radio-button__former"
          name=""
          type="radio"
          value="fixed"
        />
        <span
          class="t-radio-button__input"
        />
        <span
          class="t-radio-button__label"
        >
          table-layout: fixed
        </span>
      </label>
       
      <label
        class="t-radio-button"
      >
        <input
          class="t-radio-button__former"
          name=""
          type="radio"
          value="auto"
        />
        <span
          class="t-radio-button__input"
        />
        <span
          class="t-radio-button__label"
        >
          table-layout: auto
        </span>
      </label>
      <div
        class="t-radio-group__bg-block"
        style="width: 0px; left: 0px;"
      />
    </div>
  </div>
   
  <br />
  <br />
   
  <div>
    <label
      class="t-checkbox"
    >
      <input
        class="t-checkbox__former"
        type="checkbox"
        value=""
      />
      <span
        class="t-checkbox__input"
      />
      <span
        class="t-checkbox__label"
      >
        是否冻结首尾两行
      </span>
    </label>
  </div>
   
  <br />
  <br />
   
  <div
    class="t-table t-size-m t-table--bordered"
    style="position: relative;"
  >
    <div
      class="t-table__content"
      style="max-height: 300px;"
    >
      <table
        class="t-table--layout-fixed"
      >
        <colgroup>
          <col
            style="width: 120px;"
          />
          <col
            style="width: 120px;"
          />
          <col />
          <col />
          <col
            style="width: 200px;"
          />
          <col />
        </colgroup>
        <thead
          class="t-table__header"
        >
          <tr>
            <th
              class="t-table__th-platform"
              data-colkey="platform"
            >
              <div
                class="t-table__th-cell-inner"
              >
                平台
              </div>
            </th>
            <th
              class="t-table__th-type"
              data-colkey="type"
            >
              <div
                class="t-table__th-cell-inner"
              >
                类型
              </div>
            </th>
            <th
              class="t-table__th-default"
              data-colkey="default"
            >
              <div
                class="t-table__th-cell-inner"
              >
                默认值
              </div>
            </th>
            <th
              class="t-table__th-needed"
              data-colkey="needed"
            >
              <div
                class="t-table__th-cell-inner"
              >
                必传
              </div>
            </th>
            <th
              class="t-table__th-detail.postion"
              data-colkey="detail.postion"
            >
              <div
                class="t-table__th-cell-inner"
              >
                详情信息
              </div>
            </th>
            <th
              class="t-table__th-description"
              data-colkey="description"
            >
              <div
                class="t-table__th-cell-inner"
              >
                说明
              </div>
            </th>
          </tr>
        </thead>
        <tbody
          class="t-table__body"
        >
          <tr
            class=""
          >
            <td
              class=""
            >
              共有
            </td>
            <td
              class=""
            >
              String
            </td>
            <td
              class=""
            >
              -
            </td>
            <td
              class=""
            >
              是
            </td>
            <td
              class="t-table-td--ellipsis"
            >
              <div
                class="t-table__ellipsis t-text-ellipsis"
              >
                读取 0 个数据的嵌套信息值
              </div>
            </td>
            <td
              class=""
            >
              数据源
            </td>
          </tr>
          <tr
            class=""
          >
            <td
              class=""
            >
              私有
            </td>
            <td
              class=""
            >
              Number
            </td>
            <td
              class=""
            >
              0
            </td>
            <td
              class=""
            >
              否
            </td>
            <td
              class="t-table-td--ellipsis"
            >
              <div
                class="t-table__ellipsis t-text-ellipsis"
              >
                读取 1 个数据的嵌套信息值
              </div>
            </td>
            <td
              class=""
            >
              数据源
            </td>
          </tr>
          <tr
            class=""
          >
            <td
              class=""
            >
              共有
            </td>
            <td
              class=""
            >
              Array
            </td>
            <td
              class=""
            >
              []
            </td>
            <td
              class=""
            >
              否
            </td>
            <td
              class="t-table-td--ellipsis"
            >
              <div
                class="t-table__ellipsis t-text-ellipsis"
              >
                读取 2 个数据的嵌套信息值
              </div>
            </td>
            <td
              class=""
            >
              数据源
            </td>
          </tr>
          <tr
            class=""
          >
            <td
              class=""
            >
              私有
            </td>
            <td
              class=""
            >
              Object
            </td>
            <td
              class=""
            >
              {}
            </td>
            <td
              class=""
            >
              否
            </td>
            <td
              class="t-table-td--ellipsis"
            >
              <div
                class="t-table__ellipsis t-text-ellipsis"
              >
                读取 3 个数据的嵌套信息值
              </div>
            </td>
            <td
              class=""
            >
              数据源
            </td>
          </tr>
          <tr
            class=""
          >
            <td
              class=""
            >
              共有
            </td>
            <td
              class=""
            >
              String
            </td>
            <td
              class=""
            >
              -
            </td>
            <td
              class=""
            >
              是
            </td>
            <td
              class="t-table-td--ellipsis"
            >
              <div
                class="t-table__ellipsis t-text-ellipsis"
              >
                读取 4 个数据的嵌套信息值
              </div>
            </td>
            <td
              class=""
            >
              数据源
            </td>
          </tr>
          <tr
            class=""
          >
            <td
              class=""
            >
              私有
            </td>
            <td
              class=""
            >
              Number
            </td>
            <td
              class=""
            >
              0
            </td>
            <td
              class=""
            >
              否
            </td>
            <td
              class="t-table-td--ellipsis"
            >
              <div
                class="t-table__ellipsis t-text-ellipsis"
              >
                读取 5 个数据的嵌套信息值
              </div>
            </td>
            <td
              class=""
            >
              数据源
            </td>
          </tr>
          <tr
            class=""
          >
            <td
              class=""
            >
              共有
            </td>
            <td
              class=""
            >
              Array
            </td>
            <td
              class=""
            >
              []
            </td>
            <td
              class=""
            >
              否
            </td>
            <td
              class="t-table-td--ellipsis"
            >
              <div
                class="t-table__ellipsis t-text-ellipsis"
              >
                读取 6 个数据的嵌套信息值
              </div>
            </td>
            <td
              class=""
            >
              数据源
            </td>
          </tr>
          <tr
            class=""
          >
            <td
              class=""
            >
              私有
            </td>
            <td
              class=""
            >
              Object
            </td>
            <td
              class=""
            >
              {}
            </td>
            <td
              class=""
            >
              否
            </td>
            <td
              class="t-table-td--ellipsis"
            >
              <div
                class="t-table__ellipsis t-text-ellipsis"
              >
                读取 7 个数据的嵌套信息值
              </div>
            </td>
            <td
              class=""
            >
              数据源
            </td>
          </tr>
          <tr
            class=""
          >
            <td
              class=""
            >
              共有
            </td>
            <td
              class=""
            >
              String
            </td>
            <td
              class=""
            >
              -
            </td>
            <td
              class=""
            >
              是
            </td>
            <td
              class="t-table-td--ellipsis"
            >
              <div
                class="t-table__ellipsis t-text-ellipsis"
              >
                读取 8 个数据的嵌套信息值
              </div>
            </td>
            <td
              class=""
            >
              数据源
            </td>
          </tr>
          <tr
            class=""
          >
            <td
              class=""
            >
              私有
            </td>
            <td
              class=""
            >
              Number
            </td>
            <td
              class=""
            >
              0
            </td>
            <td
              class=""
            >
              否
            </td>
            <td
              class="t-table-td--ellipsis"
            >
              <div
                class="t-table__ellipsis t-text-ellipsis"
              >
                读取 9 个数据的嵌套信息值
              </div>
            </td>
            <td
              class=""
            >
              数据源
            </td>
          </tr>
          <tr
            class=""
          >
            <td
              class=""
            >
              共有
            </td>
            <td
              class=""
            >
              Array
            </td>
            <td
              class=""
            >
              []
            </td>
            <td
              class=""
            >
              否
            </td>
            <td
              class="t-table-td--ellipsis"
            >
              <div
                class="t-table__ellipsis t-text-ellipsis"
              >
                读取 10 个数据的嵌套信息值
              </div>
            </td>
            <td
              class=""
            >
              数据源
            </td>
          </tr>
          <tr
            class=""
          >
            <td
              class=""
            >
              私有
            </td>
            <td
              class=""
            >
              Object
            </td>
            <td
              class=""
            >
              {}
            </td>
            <td
              class=""
            >
              否
            </td>
            <td
              class="t-table-td--ellipsis"
            >
              <div
                class="t-table__ellipsis t-text-ellipsis"
              >
                读取 11 个数据的嵌套信息值
              </div>
            </td>
            <td
              class=""
            >
              数据源
            </td>
          </tr>
          <tr
            class=""
          >
            <td
              class=""
            >
              共有
            </td>
            <td
              class=""
            >
              String
            </td>
            <td
              class=""
            >
              -
            </td>
            <td
              class=""
            >
              是
            </td>
            <td
              class="t-table-td--ellipsis"
            >
              <div
                class="t-table__ellipsis t-text-ellipsis"
              >
                读取 12 个数据的嵌套信息值
              </div>
            </td>
            <td
              class=""
            >
              数据源
            </td>
          </tr>
          <tr
            class=""
          >
            <td
              class=""
            >
              私有
            </td>
            <td
              class=""
            >
              Number
            </td>
            <td
              class=""
            >
              0
            </td>
            <td
              class=""
            >
              否
            </td>
            <td
              class="t-table-td--ellipsis"
            >
              <div
                class="t-table__ellipsis t-text-ellipsis"
              >
                读取 13 个数据的嵌套信息值
              </div>
            </td>
            <td
              class=""
            >
              数据源
            </td>
          </tr>
          <tr
            class=""
          >
            <td
              class=""
            >
              共有
            </td>
            <td
              class=""
            >
              Array
            </td>
            <td
              class=""
            >
              []
            </td>
            <td
              class=""
            >
              否
            </td>
            <td
              class="t-table-td--ellipsis"
            >
              <div
                class="t-table__ellipsis t-text-ellipsis"
              >
                读取 14 个数据的嵌套信息值
              </div>
            </td>
            <td
              class=""
            >
              数据源
            </td>
          </tr>
          <tr
            class=""
          >
            <td
              class=""
            >
              私有
            </td>
            <td
              class=""
            >
              Object
            </td>
            <td
              class=""
            >
              {}
            </td>
            <td
              class=""
            >
              否
            </td>
            <td
              class="t-table-td--ellipsis"
            >
              <div
                class="t-table__ellipsis t-text-ellipsis"
              >
                读取 15 个数据的嵌套信息值
              </div>
            </td>
            <td
              class=""
            >
              数据源
            </td>
          </tr>
          <tr
            class=""
          >
            <td
              class=""
            >
              共有
            </td>
            <td
              class=""
            >
              String
            </td>
            <td
              class=""
            >
              -
            </td>
            <td
              class=""
            >
              是
            </td>
            <td
              class="t-table-td--ellipsis"
            >
              <div
                class="t-table__ellipsis t-text-ellipsis"
              >
                读取 16 个数据的嵌套信息值
              </div>
            </td>
            <td
              class=""
            >
              数据源
            </td>
          </tr>
          <tr
            class=""
          >
            <td
              class=""
            >
              私有
            </td>
            <td
              class=""
            >
              Number
            </td>
            <td
              class=""
            >
              0
            </td>
            <td
              class=""
            >
              否
            </td>
            <td
              class="t-table-td--ellipsis"
            >
              <div
                class="t-table__ellipsis t-text-ellipsis"
              >
                读取 17 个数据的嵌套信息值
              </div>
            </td>
            <td
              class=""
            >
              数据源
            </td>
          </tr>
          <tr
            class=""
          >
            <td
              class=""
            >
              共有
            </td>
            <td
              class=""
            >
              Array
            </td>
            <td
              class=""
            >
              []
            </td>
            <td
              class=""
            >
              否
            </td>
            <td
              class="t-table-td--ellipsis"
            >
              <div
                class="t-table__ellipsis t-text-ellipsis"
              >
                读取 18 个数据的嵌套信息值
              </div>
            </td>
            <td
              class=""
            >
              数据源
            </td>
          </tr>
          <tr
            class=""
          >
            <td
              class=""
            >
              私有
            </td>
            <td
              class=""
            >
              Object
            </td>
            <td
              class=""
            >
              {}
            </td>
            <td
              class=""
            >
              否
            </td>
            <td
              class="t-table-td--ellipsis"
            >
              <div
                class="t-table__ellipsis t-text-ellipsis"
              >
                读取 19 个数据的嵌套信息值
              </div>
            </td>
            <td
              class=""
            >
              数据源
            </td>
          </tr>
        </tbody>
        <tfoot
          class="t-table__footer"
        >
          <tr>
            <td>
              汇总
            </td>
            <td>
              Number(5)
            </td>
            <td>
              -
            </td>
            <td>
              否(6)
            </td>
            <td>
              -
            </td>
            <td>
              数据(10)
            </td>
          </tr>
        </tfoot>
      </table>
    </div>
  </div>
</div>
`;

exports[`Table multiHeader demo works fine 1`] = `
<div
  class="tdesign-demo-block-column-large tdesign-demo-table-multi-header"
  style="width: 90%;"
>
  <div>
    <label
      class="t-checkbox t-is-checked"
    >
      <input
        class="t-checkbox__former"
        type="checkbox"
        value=""
      />
      <span
        class="t-checkbox__input"
      />
      <span
        class="t-checkbox__label"
      >
        显示表格边框
      </span>
    </label>
     
    <label
      class="t-checkbox t-is-checked"
    >
      <input
        class="t-checkbox__former"
        type="checkbox"
        value=""
      />
      <span
        class="t-checkbox__input"
      />
      <span
        class="t-checkbox__label"
      >
        显示固定表头
      </span>
    </label>
     
    <label
      class="t-checkbox t-is-checked"
    >
      <input
        class="t-checkbox__former"
        type="checkbox"
        value=""
      />
      <span
        class="t-checkbox__input"
      />
      <span
        class="t-checkbox__label"
      >
        虚拟滚动
      </span>
    </label>
     
    <label
      class="t-checkbox"
    >
      <input
        class="t-checkbox__former"
        type="checkbox"
        value=""
      />
      <span
        class="t-checkbox__input"
      />
      <span
        class="t-checkbox__label"
      >
        固定左侧列
      </span>
    </label>
     
    <label
      class="t-checkbox"
    >
      <input
        class="t-checkbox__former"
        type="checkbox"
        value=""
      />
      <span
        class="t-checkbox__input"
      />
      <span
        class="t-checkbox__label"
      >
        固定右侧列
      </span>
    </label>
     
    <label
      class="t-checkbox"
    >
      <input
        class="t-checkbox__former"
        type="checkbox"
        value=""
      />
      <span
        class="t-checkbox__input"
      />
      <span
        class="t-checkbox__label"
      >
        表头吸顶
      </span>
    </label>
  </div>
   
  <div
    class="t-table t-size-m t-table--bordered t-table--multiple-header"
    style="position: relative;"
  >
    <div>
      <div
        class="t-table__top-content"
      >
        <button
          class="t-button t-size-m t-button--variant-outline t-button--theme-default"
          type="button"
        >
          <svg
            class="t-icon t-icon-setting"
            fill="none"
            height="1em"
            viewBox="0 0 16 16"
            width="1em"
          >
            <path
              d="M11 8a3 3 0 11-6 0 3 3 0 016 0zm-1 0a2 2 0 10-4 0 2 2 0 004 0z"
              fill="currentColor"
              fill-opacity="0.9"
            />
            <path
              d="M8 1.25l6.06 3.38v6.75L8 14.75l-6.06-3.38V4.63L8 1.25zM2.94 5.21v5.58L8 13.6l5.06-2.82V5.2L8 2.4 2.94 5.21z"
              fill="currentColor"
              fill-opacity="0.9"
            />
          </svg>
          <span
            class="t-button__text"
          >
            列配置
          </span>
        </button>
      </div>
    </div>
    <div
      class="t-table__content"
      style="max-height: 380px;"
    >
      <div
        class="t-table__virtual-scroll-cursor"
        style="transform: translate(0, 28800px);"
      />
      <table
        class="t-table--layout-fixed"
      >
        <colgroup>
          <col
            style="width: 100px;"
          />
          <col
            style="width: 100px;"
          />
          <col
            style="width: 100px;"
          />
          <col
            style="width: 100px;"
          />
          <col
            style="width: 100px;"
          />
          <col
            style="width: 100px;"
          />
          <col
            style="width: 100px;"
          />
          <col
            style="width: 100px;"
          />
          <col
            style="width: 100px;"
          />
          <col
            style="width: 100px;"
          />
          <col
            style="width: 100px;"
          />
          <col
            style="width: 100px;"
          />
          <col
            style="width: 100px;"
          />
          <col
            style="width: 100px;"
          />
        </colgroup>
        <thead
          class="t-table__header t-table--bordered t-table__header--multiple"
        >
          <tr>
            <th
              class="t-table__th-index"
              data-colkey="index"
              rowspan="3"
            >
              <div
                class="t-table__th-cell-inner"
              >
                序号
              </div>
            </th>
            <th
              class="t-table__th-total_info"
              colspan="4"
              data-colkey="total_info"
            >
              <div
                class="t-table__th-cell-inner"
              >
                汇总属性
              </div>
            </th>
            <th
              class="t-table__th-field1"
              data-colkey="field1"
              rowspan="3"
            >
              <div
                class="t-table__th-cell-inner"
              >
                字段1
              </div>
            </th>
            <th
              class="t-table__th-field2"
              data-colkey="field2"
              rowspan="3"
            >
              <div
                class="t-table__th-cell-inner"
              >
                字段2
              </div>
            </th>
            <th
              class="t-table__th-field3"
              data-colkey="field3"
              rowspan="3"
            >
              <div
                class="t-table__th-cell-inner"
              >
                字段3
              </div>
            </th>
            <th
              class="t-table__th-field4"
              data-colkey="field4"
              rowspan="3"
            >
              <div
                class="t-table__th-cell-inner"
              >
                字段4
              </div>
            </th>
            <th
              class="t-table__th-instruction"
              colspan="4"
              data-colkey="instruction"
            >
              <div
                class="t-table__th-cell-inner"
              >
                属性及说明
              </div>
            </th>
            <th
              class="t-table__th-field5"
              data-colkey="field5"
              rowspan="3"
            >
              <div
                class="t-table__th-cell-inner"
              >
                字段5
              </div>
            </th>
          </tr>
          <tr>
            <th
              class="t-table__header-th--bordered t-table__th-platform"
              data-colkey="platform"
              rowspan="2"
            >
              <div
                class="t-table__th-cell-inner"
              >
                平台
              </div>
            </th>
            <th
              class="t-table__th-type_default"
              colspan="3"
              data-colkey="type_default"
            >
              <div
                class="t-table__th-cell-inner"
              >
                类型及默认值
              </div>
            </th>
            <th
              class="t-table__th-property"
              data-colkey="property"
              rowspan="2"
            >
              <div
                class="t-table__th-cell-inner"
              >
                <div
                  class="t-table__cell--filterable"
                >
                  <div
                    class="t-table__cell--title"
                  >
                    <div>
                      属性
                    </div>
                    <div
                      class="t-table__filter-icon-wrap"
                    >
                      <div
                        class="t-table__filter-icon"
                      >
                        <svg
                          class="t-icon t-icon-filter"
                          fill="none"
                          height="1em"
                          viewBox="0 0 16 16"
                          width="1em"
                        >
                          <path
                            d="M2 3a1 1 0 011-1h10a1 1 0 011 1v1.79l-4.25 2.5V14h-3.5V7.29L2 4.79V3zm11 0H3v1.21l4.25 2.5V13h1.5V6.71L13 4.21V3z"
                            fill="currentColor"
                            fill-opacity="0.9"
                          />
                        </svg>
                      </div>
                    </div>
                  </div>
                </div>
              </div>
            </th>
            <th
              class="t-table__th-description"
              colspan="3"
              data-colkey="description"
            >
              <div
                class="t-table__th-cell-inner"
              >
                说明
              </div>
            </th>
          </tr>
          <tr>
            <th
              class="t-table__header-th--bordered t-table__th-type"
              data-colkey="type"
            >
              <div
                class="t-table__th-cell-inner"
              >
                类型
              </div>
            </th>
            <th
              class="t-table__th-default"
              data-colkey="default"
            >
              <div
                class="t-table__th-cell-inner"
              >
                <div
                  class="t-table__cell--sortable t-table__cell--filterable"
                >
                  <div
                    class="t-table__cell--title"
                  >
                    <div>
                      默认值
                    </div>
                    <div
                      class="t-table__filter-icon-wrap"
                    >
                      <div
                        class="t-table__cell--sort-trigger t-table__double-icons"
                      >
                        <span>
                          <span
                            class="t-icon-sort--default t-table__sort-icon t-table-sort-asc t-negative-rotate-180"
                          >
                            <svg
                              class="t-icon t-icon-chevron-down"
                              fill="none"
                              height="1em"
                              viewBox="0 0 16 16"
                              width="1em"
                            >
                              <path
                                d="M3.54 6.46l.92-.92L8 9.08l3.54-3.54.92.92L8 10.92 3.54 6.46z"
                                fill="currentColor"
                                fill-opacity="0.9"
                              />
                            </svg>
                          </span>
                          <span
                            class="t-icon-sort--default t-table__sort-icon t-table-sort-desc"
                          >
                            <svg
                              class="t-icon t-icon-chevron-down"
                              fill="none"
                              height="1em"
                              viewBox="0 0 16 16"
                              width="1em"
                            >
                              <path
                                d="M3.54 6.46l.92-.92L8 9.08l3.54-3.54.92.92L8 10.92 3.54 6.46z"
                                fill="currentColor"
                                fill-opacity="0.9"
                              />
                            </svg>
                          </span>
                        </span>
                      </div>
                      <!---->
                    </div>
                  </div>
                </div>
              </div>
            </th>
            <th
              class="t-table__th-needed"
              data-colkey="needed"
            >
              <div
                class="t-table__th-cell-inner"
              >
                是否必传
              </div>
            </th>
            <th
              class="t-table__th-field6"
              data-colkey="field6"
            >
              <div
                class="t-table__th-cell-inner"
              >
                字段6
              </div>
            </th>
            <th
              class="t-table__th-field7"
              data-colkey="field7"
            >
              <div
                class="t-table__th-cell-inner"
              >
                字段7
              </div>
            </th>
            <th
              class="t-table__th-field8"
              data-colkey="field8"
            >
              <div
                class="t-table__th-cell-inner"
              >
                字段8
              </div>
            </th>
          </tr>
        </thead>
        <tbody
          class="t-table__body"
          style="transform: translate(0, 0px);"
        >
          <tr
            class="t-table__empty-row"
          >
            <td
              colspan="14"
            >
              <div
                class="t-table__empty"
              >
                暂无数据
              </div>
            </td>
          </tr>
        </tbody>
      </table>
    </div>
  </div>
</div>
`;

exports[`Table selectMultiple demo works fine 1`] = `
<div>
  <div
    class="t-table t-size-m"
    style="position: relative;"
  >
    <div
      class="t-table__content"
    >
      <table
        class="t-table--layout-fixed"
      >
        <colgroup>
          <col
            style="width: 64px;"
          />
          <col
            style="width: 150px;"
          />
          <col
            style="width: 100px;"
          />
          <col />
          <col />
          <col
            style="width: 200px;"
          />
        </colgroup>
        <thead
          class="t-table__header"
        >
          <tr>
            <th
              class="demo-multiple-select-cell t-table__th-row-select"
              data-colkey="row-select"
            >
              <div
                class="t-table__th-cell-inner"
              >
                <label
                  class="t-checkbox"
                >
                  <input
                    class="t-checkbox__former"
                    type="checkbox"
                    value=""
                  />
                  <span
                    class="t-checkbox__input"
                  />
                  <span
                    class="t-checkbox__label"
                  />
                </label>
              </div>
            </th>
            <th
              class="t-table__th-instance"
              data-colkey="instance"
            >
              <div
                class="t-table__th-cell-inner"
              >
                集群名称
              </div>
            </th>
            <th
              class="t-table__th-status"
              data-colkey="status"
            >
              <div
                class="t-table__th-cell-inner"
              >
                状态
              </div>
            </th>
            <th
              class="t-table__th-owner"
              data-colkey="owner"
            >
              <div
                class="t-table__th-cell-inner"
              >
                管理员
              </div>
            </th>
            <th
              class="t-table__th-description"
              data-colkey="description"
            >
              <div
                class="t-table__th-cell-inner"
              >
                描述
              </div>
            </th>
            <th
              class="t-table__th-op"
              data-colkey="op"
            >
              <div
                class="t-table__th-cell-inner"
              >
                <p>
                  操作
                </p>
              </div>
            </th>
          </tr>
        </thead>
        <tbody
          class="t-table__body"
        >
          <tr
            class=""
          >
            <td
              class="demo-multiple-select-cell"
            >
              <label
                class="t-checkbox"
              >
                <input
                  class="t-checkbox__former"
                  type="checkbox"
                  value=""
                />
                <span
                  class="t-checkbox__input"
                />
                <span
                  class="t-checkbox__label"
                />
              </label>
            </td>
            <td
              class=""
            >
              JQTest1
            </td>
            <td
              class=""
            >
              <p
                class="status"
              >
                健康
              </p>
               
              <!---->
            </td>
            <td
              class=""
            >
              jenny;peter
            </td>
            <td
              class=""
            >
              test
            </td>
            <td
              class=""
            >
              <a
                class="link"
              >
                管理
              </a>
               
              <a
                class="link"
              >
                删除
              </a>
            </td>
          </tr>
          <tr
            class=""
          >
            <td
              class="demo-multiple-select-cell"
            >
              <label
                class="t-checkbox t-is-disabled"
              >
                <input
                  class="t-checkbox__former"
                  disabled="disabled"
                  type="checkbox"
                  value=""
                />
                <span
                  class="t-checkbox__input"
                />
                <span
                  class="t-checkbox__label"
                />
              </label>
            </td>
            <td
              class=""
            >
              JQTest2
            </td>
            <td
              class=""
            >
              <!---->
               
              <p
                class="status unhealth"
              >
                异常
              </p>
            </td>
            <td
              class=""
            >
              jenny;peter
            </td>
            <td
              class=""
            >
              test
            </td>
            <td
              class=""
            >
              <a
                class="link"
              >
                管理
              </a>
               
              <a
                class="link"
              >
                删除
              </a>
            </td>
          </tr>
          <tr
            class=""
          >
            <td
              class="demo-multiple-select-cell"
            >
              <label
                class="t-checkbox"
              >
                <input
                  class="t-checkbox__former"
                  type="checkbox"
                  value=""
                />
                <span
                  class="t-checkbox__input"
                />
                <span
                  class="t-checkbox__label"
                />
              </label>
            </td>
            <td
              class=""
            >
              JQTest3
            </td>
            <td
              class=""
            >
              <p
                class="status"
              >
                健康
              </p>
               
              <!---->
            </td>
            <td
              class=""
            >
              jenny;peter
            </td>
            <td
              class=""
            >
              test
            </td>
            <td
              class=""
            >
              <a
                class="link"
              >
                管理
              </a>
               
              <a
                class="link"
              >
                删除
              </a>
            </td>
          </tr>
          <tr
            class=""
          >
            <td
              class="demo-multiple-select-cell"
            >
              <label
                class="t-checkbox t-is-disabled"
              >
                <input
                  class="t-checkbox__former"
                  disabled="disabled"
                  type="checkbox"
                  value=""
                />
                <span
                  class="t-checkbox__input"
                />
                <span
                  class="t-checkbox__label"
                />
              </label>
            </td>
            <td
              class=""
            >
              JQTest4
            </td>
            <td
              class=""
            >
              <!---->
               
              <p
                class="status unhealth"
              >
                异常
              </p>
            </td>
            <td
              class=""
            >
              jenny;peter
            </td>
            <td
              class=""
            >
              test
            </td>
            <td
              class=""
            >
              <a
                class="link"
              >
                管理
              </a>
               
              <a
                class="link"
              >
                删除
              </a>
            </td>
          </tr>
          <tr
            class=""
          >
            <td
              class="demo-multiple-select-cell"
            >
              <label
                class="t-checkbox"
              >
                <input
                  class="t-checkbox__former"
                  type="checkbox"
                  value=""
                />
                <span
                  class="t-checkbox__input"
                />
                <span
                  class="t-checkbox__label"
                />
              </label>
            </td>
            <td
              class=""
            >
              JQTest5
            </td>
            <td
              class=""
            >
              <p
                class="status"
              >
                健康
              </p>
               
              <!---->
            </td>
            <td
              class=""
            >
              jenny;peter
            </td>
            <td
              class=""
            >
              test
            </td>
            <td
              class=""
            >
              <a
                class="link"
              >
                管理
              </a>
               
              <a
                class="link"
              >
                删除
              </a>
            </td>
          </tr>
        </tbody>
      </table>
    </div>
  </div>
</div>
`;

exports[`Table selectSingle demo works fine 1`] = `
<div>
  <div
    class="t-table t-size-m"
    style="position: relative;"
  >
    <div
      class="t-table__content"
    >
      <table
        class="t-table--layout-fixed"
      >
        <colgroup>
          <col
            style="width: 64px;"
          />
          <col
            style="width: 150px;"
          />
          <col
            style="width: 100px;"
          />
          <col />
          <col />
          <col
            style="width: 200px;"
          />
        </colgroup>
        <thead
          class="t-table__header"
        >
          <tr>
            <th
              class="demo-single-select-cell t-table__th-row-select"
              data-colkey="row-select"
            >
              <div
                class="t-table__th-cell-inner"
              />
            </th>
            <th
              class="t-table__th-instance"
              data-colkey="instance"
            >
              <div
                class="t-table__th-cell-inner"
              >
                集群名称
              </div>
            </th>
            <th
              class="t-table__th-status"
              data-colkey="status"
            >
              <div
                class="t-table__th-cell-inner"
              >
                状态
              </div>
            </th>
            <th
              class="t-table__th-owner"
              data-colkey="owner"
            >
              <div
                class="t-table__th-cell-inner"
              >
                管理员
              </div>
            </th>
            <th
              class="t-table__th-description"
              data-colkey="description"
            >
              <div
                class="t-table__th-cell-inner"
              >
                描述
              </div>
            </th>
            <th
              class="t-table__th-op"
              data-colkey="op"
            >
              <div
                class="t-table__th-cell-inner"
              >
                <p>
                  操作
                </p>
              </div>
            </th>
          </tr>
        </thead>
        <tbody
          class="t-table__body"
        >
          <tr
            class=""
          >
            <td
              class="demo-single-select-cell"
            >
              <label
                class="t-radio"
              >
                <input
                  class="t-radio__former"
                  name=""
                  type="radio"
                  value=""
                />
                <span
                  class="t-radio__input"
                />
                <span
                  class="t-radio__label"
                />
              </label>
            </td>
            <td
              class=""
            >
              JQTest1
            </td>
            <td
              class=""
            >
              <p
                class="status"
              >
                健康
              </p>
               
              <!---->
            </td>
            <td
              class=""
            >
              jenny;peter
            </td>
            <td
              class=""
            >
              test
            </td>
            <td
              class=""
            >
              <a
                class="link"
              >
                管理
              </a>
               
              <a
                class="link"
              >
                删除
              </a>
            </td>
          </tr>
          <tr
            class="t-table__row--disabled"
          >
            <td
              class="demo-single-select-cell"
            >
              <label
                class="t-radio t-is-disabled"
              >
                <input
                  class="t-radio__former"
                  disabled=""
                  name=""
                  type="radio"
                  value=""
                />
                <span
                  class="t-radio__input"
                />
                <span
                  class="t-radio__label"
                />
              </label>
            </td>
            <td
              class=""
            >
              JQTest2
            </td>
            <td
              class=""
            >
              <!---->
               
              <p
                class="status unhealth"
              >
                异常
              </p>
            </td>
            <td
              class=""
            >
              jenny;peter
            </td>
            <td
              class=""
            >
              test
            </td>
            <td
              class=""
            >
              <a
                class="link"
              >
                管理
              </a>
               
              <a
                class="link"
              >
                删除
              </a>
            </td>
          </tr>
          <tr
            class=""
          >
            <td
              class="demo-single-select-cell"
            >
              <label
                class="t-radio"
              >
                <input
                  class="t-radio__former"
                  name=""
                  type="radio"
                  value=""
                />
                <span
                  class="t-radio__input"
                />
                <span
                  class="t-radio__label"
                />
              </label>
            </td>
            <td
              class=""
            >
              JQTest3
            </td>
            <td
              class=""
            >
              <p
                class="status"
              >
                健康
              </p>
               
              <!---->
            </td>
            <td
              class=""
            >
              jenny;peter
            </td>
            <td
              class=""
            >
              test
            </td>
            <td
              class=""
            >
              <a
                class="link"
              >
                管理
              </a>
               
              <a
                class="link"
              >
                删除
              </a>
            </td>
          </tr>
          <tr
            class="t-table__row--disabled"
          >
            <td
              class="demo-single-select-cell"
            >
              <label
                class="t-radio t-is-disabled"
              >
                <input
                  class="t-radio__former"
                  disabled=""
                  name=""
                  type="radio"
                  value=""
                />
                <span
                  class="t-radio__input"
                />
                <span
                  class="t-radio__label"
                />
              </label>
            </td>
            <td
              class=""
            >
              JQTest4
            </td>
            <td
              class=""
            >
              <!---->
               
              <p
                class="status unhealth"
              >
                异常
              </p>
            </td>
            <td
              class=""
            >
              jenny;peter
            </td>
            <td
              class=""
            >
              test
            </td>
            <td
              class=""
            >
              <a
                class="link"
              >
                管理
              </a>
               
              <a
                class="link"
              >
                删除
              </a>
            </td>
          </tr>
          <tr
            class=""
          >
            <td
              class="demo-single-select-cell"
            >
              <label
                class="t-radio"
              >
                <input
                  class="t-radio__former"
                  name=""
                  type="radio"
                  value=""
                />
                <span
                  class="t-radio__input"
                />
                <span
                  class="t-radio__label"
                />
              </label>
            </td>
            <td
              class=""
            >
              JQTest5
            </td>
            <td
              class=""
            >
              <p
                class="status"
              >
                健康
              </p>
               
              <!---->
            </td>
            <td
              class=""
            >
              jenny;peter
            </td>
            <td
              class=""
            >
              test
            </td>
            <td
              class=""
            >
              <a
                class="link"
              >
                管理
              </a>
               
              <a
                class="link"
              >
                删除
              </a>
            </td>
          </tr>
        </tbody>
      </table>
    </div>
  </div>
</div>
`;
