// Jest Snapshot v1, https://goo.gl/fbAQLP

exports[`Popconfirm base demo works fine 1`] = `
<div
  class="popconfirm-demo"
>
  <div
    class="tdesign-demo-block"
  >
    <div
      class="demo-item"
    >
      <div>
        <div
          class="t-popup-reference"
        >
          <transition-stub
            appear="true"
            name="t-popup_animation"
          >
            <div
              aria-hidden="true"
              class="t-popup"
              role="tooltip"
              style="display: none;"
            >
              <div
                class="t-popup-content t-popup-content--arrow t-popconfirm t-popconfirm__popup--default"
              >
                <div
                  class="t-popconfirm__content"
                >
                  <div
                    class="t-popconfirm__body"
                  >
                    <svg
                      class="t-icon t-icon-info-circle-filled t-popconfirm__icon--default"
                      fill="none"
                      height="1em"
                      viewBox="0 0 16 16"
                      width="1em"
                    >
                      <path
                        d="M8 15A7 7 0 108 1a7 7 0 000 14zM7.4 4h1.2v1.2H7.4V4zm.1 2.5h1V12h-1V6.5z"
                        fill="currentColor"
                        fill-opacity="0.9"
                      />
                    </svg>
                    <div
                      class="t-popconfirm__inner"
                    >
                      确认删除订单吗
                    </div>
                  </div>
                  <div
                    class="t-popconfirm__buttons"
                  >
                    <button
                      class="t-button t-size-s t-button--variant-base t-button--theme-default t-popconfirm__cancel"
                      type="button"
                    >
                      <span
                        class="t-button__text"
                      >
                        取消
                      </span>
                    </button>
                    <button
                      class="t-button t-size-s t-button--variant-base t-button--theme-primary t-popconfirm__confirm"
                      type="button"
                    >
                      <span
                        class="t-button__text"
                      >
                        确定
                      </span>
                    </button>
                  </div>
                </div>
                <div
                  class="t-popup__arrow"
                />
              </div>
            </div>
          </transition-stub>
          <button
            class="t-button t-size-m t-button--variant-base t-button--theme-primary"
            type="button"
          >
            <span
              class="t-button__text"
            >
              删除订单
            </span>
          </button>
        </div>
      </div>
    </div>
     
    <div
      class="demo-item"
    >
      <div>
        <div
          class="t-popup-reference"
          style="position: relative;"
        >
          <transition-stub
            appear="true"
            name="t-popup_animation"
          />
          <button
            class="t-button t-size-m t-button--variant-base t-button--theme-primary"
            type="button"
          >
            <span
              class="t-button__text"
            >
              提交审核
            </span>
          </button>
          <div
            class="resize-sensor"
            dir="ltr"
            style="pointer-events: none; position: absolute; left: 0px; top: 0px; right: 0px; bottom: 0px; overflow: hidden; z-index: -1; visibility: hidden; max-width: 100%;"
          >
            <div
              class="resize-sensor-expand"
              style="pointer-events: none; position: absolute; left: 0px; top: 0px; right: 0px; bottom: 0px; overflow: hidden; z-index: -1; visibility: hidden; max-width: 100%;"
            >
              <div
                style="position: absolute; left: 0px; top: 0px; transition: 0s;"
              />
            </div>
            <div
              class="resize-sensor-shrink"
              style="pointer-events: none; position: absolute; left: 0px; top: 0px; right: 0px; bottom: 0px; overflow: hidden; z-index: -1; visibility: hidden; max-width: 100%;"
            >
              <div
                style="position: absolute; left: 0px; top: 0px; transition: 0s; width: 200%; height: 200%;"
              />
            </div>
          </div>
        </div>
      </div>
    </div>
  </div>
</div>
`;
