// Jest Snapshot v1, https://goo.gl/fbAQLP

exports[`Button :props :content 1`] = `<div><button type="button" class="t-button t-size-m t-button--variant-base t-button--theme-default">bar</button><button type="button" class="t-button t-size-m t-button--variant-base t-button--theme-default">bar</button><button type="button" class="t-button t-size-m t-button--variant-base t-button--theme-default">foo</button><button type="button" class="t-button t-size-m t-button--variant-base t-button--theme-default">foo</button><button type="button" class="t-button t-size-m t-button--variant-base t-button--theme-default">bar</button></div>`;
