// Jest Snapshot v1, https://goo.gl/fbAQLP

exports[`Rate Rate baseVue demo works fine 1`] = `
<div
  class="t-rate"
>
  <ul
    class="t-rate__list"
    style="gap: 4px;"
  >
    <li
      class="t-rate__item t-rate__item--full"
    >
      <div>
        <div
          class="t-rate__star-top"
          style="font-size: 24px; color: rgb(237, 123, 47);"
        >
          <svg
            class="t-icon t-icon-star-filled"
            fill="none"
            height="1em"
            viewBox="0 0 16 16"
            width="1em"
          >
            <path
              d="M7.6 1.82a.45.45 0 01.8 0l1.8 3.65 4.03.58c.37.05.52.5.25.77l-2.91 2.84.69 4a.45.45 0 01-.66.48L8 12.25l-3.6 1.9a.45.45 0 01-.65-.48l.68-4.01-2.9-2.84a.45.45 0 01.24-.77l4.03-.58 1.8-3.65z"
              fill="currentColor"
              fill-opacity="0.9"
            />
          </svg>
        </div>
        <div
          class="t-rate__star-bottom"
          style="font-size: 24px;"
        >
          <svg
            class="t-icon t-icon-star-filled"
            fill="none"
            height="1em"
            viewBox="0 0 16 16"
            width="1em"
          >
            <path
              d="M7.6 1.82a.45.45 0 01.8 0l1.8 3.65 4.03.58c.37.05.52.5.25.77l-2.91 2.84.69 4a.45.45 0 01-.66.48L8 12.25l-3.6 1.9a.45.45 0 01-.65-.48l.68-4.01-2.9-2.84a.45.45 0 01.24-.77l4.03-.58 1.8-3.65z"
              fill="currentColor"
              fill-opacity="0.9"
            />
          </svg>
        </div>
      </div>
    </li>
    <li
      class="t-rate__item t-rate__item--full"
    >
      <div>
        <div
          class="t-rate__star-top"
          style="font-size: 24px; color: rgb(237, 123, 47);"
        >
          <svg
            class="t-icon t-icon-star-filled"
            fill="none"
            height="1em"
            viewBox="0 0 16 16"
            width="1em"
          >
            <path
              d="M7.6 1.82a.45.45 0 01.8 0l1.8 3.65 4.03.58c.37.05.52.5.25.77l-2.91 2.84.69 4a.45.45 0 01-.66.48L8 12.25l-3.6 1.9a.45.45 0 01-.65-.48l.68-4.01-2.9-2.84a.45.45 0 01.24-.77l4.03-.58 1.8-3.65z"
              fill="currentColor"
              fill-opacity="0.9"
            />
          </svg>
        </div>
        <div
          class="t-rate__star-bottom"
          style="font-size: 24px;"
        >
          <svg
            class="t-icon t-icon-star-filled"
            fill="none"
            height="1em"
            viewBox="0 0 16 16"
            width="1em"
          >
            <path
              d="M7.6 1.82a.45.45 0 01.8 0l1.8 3.65 4.03.58c.37.05.52.5.25.77l-2.91 2.84.69 4a.45.45 0 01-.66.48L8 12.25l-3.6 1.9a.45.45 0 01-.65-.48l.68-4.01-2.9-2.84a.45.45 0 01.24-.77l4.03-.58 1.8-3.65z"
              fill="currentColor"
              fill-opacity="0.9"
            />
          </svg>
        </div>
      </div>
    </li>
    <li
      class="t-rate__item t-rate__item--full"
    >
      <div>
        <div
          class="t-rate__star-top"
          style="font-size: 24px; color: rgb(237, 123, 47);"
        >
          <svg
            class="t-icon t-icon-star-filled"
            fill="none"
            height="1em"
            viewBox="0 0 16 16"
            width="1em"
          >
            <path
              d="M7.6 1.82a.45.45 0 01.8 0l1.8 3.65 4.03.58c.37.05.52.5.25.77l-2.91 2.84.69 4a.45.45 0 01-.66.48L8 12.25l-3.6 1.9a.45.45 0 01-.65-.48l.68-4.01-2.9-2.84a.45.45 0 01.24-.77l4.03-.58 1.8-3.65z"
              fill="currentColor"
              fill-opacity="0.9"
            />
          </svg>
        </div>
        <div
          class="t-rate__star-bottom"
          style="font-size: 24px;"
        >
          <svg
            class="t-icon t-icon-star-filled"
            fill="none"
            height="1em"
            viewBox="0 0 16 16"
            width="1em"
          >
            <path
              d="M7.6 1.82a.45.45 0 01.8 0l1.8 3.65 4.03.58c.37.05.52.5.25.77l-2.91 2.84.69 4a.45.45 0 01-.66.48L8 12.25l-3.6 1.9a.45.45 0 01-.65-.48l.68-4.01-2.9-2.84a.45.45 0 01.24-.77l4.03-.58 1.8-3.65z"
              fill="currentColor"
              fill-opacity="0.9"
            />
          </svg>
        </div>
      </div>
    </li>
    <li
      class="t-rate__item"
    >
      <div>
        <div
          class="t-rate__star-top"
          style="font-size: 24px; color: rgb(237, 123, 47);"
        >
          <svg
            class="t-icon t-icon-star-filled"
            fill="none"
            height="1em"
            viewBox="0 0 16 16"
            width="1em"
          >
            <path
              d="M7.6 1.82a.45.45 0 01.8 0l1.8 3.65 4.03.58c.37.05.52.5.25.77l-2.91 2.84.69 4a.45.45 0 01-.66.48L8 12.25l-3.6 1.9a.45.45 0 01-.65-.48l.68-4.01-2.9-2.84a.45.45 0 01.24-.77l4.03-.58 1.8-3.65z"
              fill="currentColor"
              fill-opacity="0.9"
            />
          </svg>
        </div>
        <div
          class="t-rate__star-bottom"
          style="font-size: 24px;"
        >
          <svg
            class="t-icon t-icon-star-filled"
            fill="none"
            height="1em"
            viewBox="0 0 16 16"
            width="1em"
          >
            <path
              d="M7.6 1.82a.45.45 0 01.8 0l1.8 3.65 4.03.58c.37.05.52.5.25.77l-2.91 2.84.69 4a.45.45 0 01-.66.48L8 12.25l-3.6 1.9a.45.45 0 01-.65-.48l.68-4.01-2.9-2.84a.45.45 0 01.24-.77l4.03-.58 1.8-3.65z"
              fill="currentColor"
              fill-opacity="0.9"
            />
          </svg>
        </div>
      </div>
    </li>
    <li
      class="t-rate__item"
    >
      <div>
        <div
          class="t-rate__star-top"
          style="font-size: 24px; color: rgb(237, 123, 47);"
        >
          <svg
            class="t-icon t-icon-star-filled"
            fill="none"
            height="1em"
            viewBox="0 0 16 16"
            width="1em"
          >
            <path
              d="M7.6 1.82a.45.45 0 01.8 0l1.8 3.65 4.03.58c.37.05.52.5.25.77l-2.91 2.84.69 4a.45.45 0 01-.66.48L8 12.25l-3.6 1.9a.45.45 0 01-.65-.48l.68-4.01-2.9-2.84a.45.45 0 01.24-.77l4.03-.58 1.8-3.65z"
              fill="currentColor"
              fill-opacity="0.9"
            />
          </svg>
        </div>
        <div
          class="t-rate__star-bottom"
          style="font-size: 24px;"
        >
          <svg
            class="t-icon t-icon-star-filled"
            fill="none"
            height="1em"
            viewBox="0 0 16 16"
            width="1em"
          >
            <path
              d="M7.6 1.82a.45.45 0 01.8 0l1.8 3.65 4.03.58c.37.05.52.5.25.77l-2.91 2.84.69 4a.45.45 0 01-.66.48L8 12.25l-3.6 1.9a.45.45 0 01-.65-.48l.68-4.01-2.9-2.84a.45.45 0 01.24-.77l4.03-.58 1.8-3.65z"
              fill="currentColor"
              fill-opacity="0.9"
            />
          </svg>
        </div>
      </div>
    </li>
  </ul>
</div>
`;

exports[`Rate Rate customVue demo works fine 1`] = `
<div
  class="t-rate"
>
  <ul
    class="t-rate__list"
    style="gap: 4px;"
  >
    <li
      class="t-rate__item t-rate__item--full"
    >
      <div>
        <div
          class="t-rate__star-top"
          style="font-size: 24px; color: rgb(237, 123, 47);"
        >
          <svg
            class="t-icon t-icon-star-filled"
            fill="none"
            height="1em"
            viewBox="0 0 16 16"
            width="1em"
          >
            <path
              d="M7.6 1.82a.45.45 0 01.8 0l1.8 3.65 4.03.58c.37.05.52.5.25.77l-2.91 2.84.69 4a.45.45 0 01-.66.48L8 12.25l-3.6 1.9a.45.45 0 01-.65-.48l.68-4.01-2.9-2.84a.45.45 0 01.24-.77l4.03-.58 1.8-3.65z"
              fill="currentColor"
              fill-opacity="0.9"
            />
          </svg>
        </div>
        <div
          class="t-rate__star-bottom"
          style="font-size: 24px;"
        >
          <svg
            class="t-icon t-icon-star-filled"
            fill="none"
            height="1em"
            viewBox="0 0 16 16"
            width="1em"
          >
            <path
              d="M7.6 1.82a.45.45 0 01.8 0l1.8 3.65 4.03.58c.37.05.52.5.25.77l-2.91 2.84.69 4a.45.45 0 01-.66.48L8 12.25l-3.6 1.9a.45.45 0 01-.65-.48l.68-4.01-2.9-2.84a.45.45 0 01.24-.77l4.03-.58 1.8-3.65z"
              fill="currentColor"
              fill-opacity="0.9"
            />
          </svg>
        </div>
      </div>
    </li>
    <li
      class="t-rate__item t-rate__item--full"
    >
      <div>
        <div
          class="t-rate__star-top"
          style="font-size: 24px; color: rgb(237, 123, 47);"
        >
          <svg
            class="t-icon t-icon-star-filled"
            fill="none"
            height="1em"
            viewBox="0 0 16 16"
            width="1em"
          >
            <path
              d="M7.6 1.82a.45.45 0 01.8 0l1.8 3.65 4.03.58c.37.05.52.5.25.77l-2.91 2.84.69 4a.45.45 0 01-.66.48L8 12.25l-3.6 1.9a.45.45 0 01-.65-.48l.68-4.01-2.9-2.84a.45.45 0 01.24-.77l4.03-.58 1.8-3.65z"
              fill="currentColor"
              fill-opacity="0.9"
            />
          </svg>
        </div>
        <div
          class="t-rate__star-bottom"
          style="font-size: 24px;"
        >
          <svg
            class="t-icon t-icon-star-filled"
            fill="none"
            height="1em"
            viewBox="0 0 16 16"
            width="1em"
          >
            <path
              d="M7.6 1.82a.45.45 0 01.8 0l1.8 3.65 4.03.58c.37.05.52.5.25.77l-2.91 2.84.69 4a.45.45 0 01-.66.48L8 12.25l-3.6 1.9a.45.45 0 01-.65-.48l.68-4.01-2.9-2.84a.45.45 0 01.24-.77l4.03-.58 1.8-3.65z"
              fill="currentColor"
              fill-opacity="0.9"
            />
          </svg>
        </div>
      </div>
    </li>
    <li
      class="t-rate__item t-rate__item--full"
    >
      <div>
        <div
          class="t-rate__star-top"
          style="font-size: 24px; color: rgb(237, 123, 47);"
        >
          <svg
            class="t-icon t-icon-star-filled"
            fill="none"
            height="1em"
            viewBox="0 0 16 16"
            width="1em"
          >
            <path
              d="M7.6 1.82a.45.45 0 01.8 0l1.8 3.65 4.03.58c.37.05.52.5.25.77l-2.91 2.84.69 4a.45.45 0 01-.66.48L8 12.25l-3.6 1.9a.45.45 0 01-.65-.48l.68-4.01-2.9-2.84a.45.45 0 01.24-.77l4.03-.58 1.8-3.65z"
              fill="currentColor"
              fill-opacity="0.9"
            />
          </svg>
        </div>
        <div
          class="t-rate__star-bottom"
          style="font-size: 24px;"
        >
          <svg
            class="t-icon t-icon-star-filled"
            fill="none"
            height="1em"
            viewBox="0 0 16 16"
            width="1em"
          >
            <path
              d="M7.6 1.82a.45.45 0 01.8 0l1.8 3.65 4.03.58c.37.05.52.5.25.77l-2.91 2.84.69 4a.45.45 0 01-.66.48L8 12.25l-3.6 1.9a.45.45 0 01-.65-.48l.68-4.01-2.9-2.84a.45.45 0 01.24-.77l4.03-.58 1.8-3.65z"
              fill="currentColor"
              fill-opacity="0.9"
            />
          </svg>
        </div>
      </div>
    </li>
    <li
      class="t-rate__item"
    >
      <div>
        <div
          class="t-rate__star-top"
          style="font-size: 24px; color: rgb(237, 123, 47);"
        >
          <svg
            class="t-icon t-icon-star-filled"
            fill="none"
            height="1em"
            viewBox="0 0 16 16"
            width="1em"
          >
            <path
              d="M7.6 1.82a.45.45 0 01.8 0l1.8 3.65 4.03.58c.37.05.52.5.25.77l-2.91 2.84.69 4a.45.45 0 01-.66.48L8 12.25l-3.6 1.9a.45.45 0 01-.65-.48l.68-4.01-2.9-2.84a.45.45 0 01.24-.77l4.03-.58 1.8-3.65z"
              fill="currentColor"
              fill-opacity="0.9"
            />
          </svg>
        </div>
        <div
          class="t-rate__star-bottom"
          style="font-size: 24px;"
        >
          <svg
            class="t-icon t-icon-star-filled"
            fill="none"
            height="1em"
            viewBox="0 0 16 16"
            width="1em"
          >
            <path
              d="M7.6 1.82a.45.45 0 01.8 0l1.8 3.65 4.03.58c.37.05.52.5.25.77l-2.91 2.84.69 4a.45.45 0 01-.66.48L8 12.25l-3.6 1.9a.45.45 0 01-.65-.48l.68-4.01-2.9-2.84a.45.45 0 01.24-.77l4.03-.58 1.8-3.65z"
              fill="currentColor"
              fill-opacity="0.9"
            />
          </svg>
        </div>
      </div>
    </li>
    <li
      class="t-rate__item"
    >
      <div>
        <div
          class="t-rate__star-top"
          style="font-size: 24px; color: rgb(237, 123, 47);"
        >
          <svg
            class="t-icon t-icon-star-filled"
            fill="none"
            height="1em"
            viewBox="0 0 16 16"
            width="1em"
          >
            <path
              d="M7.6 1.82a.45.45 0 01.8 0l1.8 3.65 4.03.58c.37.05.52.5.25.77l-2.91 2.84.69 4a.45.45 0 01-.66.48L8 12.25l-3.6 1.9a.45.45 0 01-.65-.48l.68-4.01-2.9-2.84a.45.45 0 01.24-.77l4.03-.58 1.8-3.65z"
              fill="currentColor"
              fill-opacity="0.9"
            />
          </svg>
        </div>
        <div
          class="t-rate__star-bottom"
          style="font-size: 24px;"
        >
          <svg
            class="t-icon t-icon-star-filled"
            fill="none"
            height="1em"
            viewBox="0 0 16 16"
            width="1em"
          >
            <path
              d="M7.6 1.82a.45.45 0 01.8 0l1.8 3.65 4.03.58c.37.05.52.5.25.77l-2.91 2.84.69 4a.45.45 0 01-.66.48L8 12.25l-3.6 1.9a.45.45 0 01-.65-.48l.68-4.01-2.9-2.84a.45.45 0 01.24-.77l4.03-.58 1.8-3.65z"
              fill="currentColor"
              fill-opacity="0.9"
            />
          </svg>
        </div>
      </div>
    </li>
    <li
      class="t-rate__item"
    >
      <div>
        <div
          class="t-rate__star-top"
          style="font-size: 24px; color: rgb(237, 123, 47);"
        >
          <svg
            class="t-icon t-icon-star-filled"
            fill="none"
            height="1em"
            viewBox="0 0 16 16"
            width="1em"
          >
            <path
              d="M7.6 1.82a.45.45 0 01.8 0l1.8 3.65 4.03.58c.37.05.52.5.25.77l-2.91 2.84.69 4a.45.45 0 01-.66.48L8 12.25l-3.6 1.9a.45.45 0 01-.65-.48l.68-4.01-2.9-2.84a.45.45 0 01.24-.77l4.03-.58 1.8-3.65z"
              fill="currentColor"
              fill-opacity="0.9"
            />
          </svg>
        </div>
        <div
          class="t-rate__star-bottom"
          style="font-size: 24px;"
        >
          <svg
            class="t-icon t-icon-star-filled"
            fill="none"
            height="1em"
            viewBox="0 0 16 16"
            width="1em"
          >
            <path
              d="M7.6 1.82a.45.45 0 01.8 0l1.8 3.65 4.03.58c.37.05.52.5.25.77l-2.91 2.84.69 4a.45.45 0 01-.66.48L8 12.25l-3.6 1.9a.45.45 0 01-.65-.48l.68-4.01-2.9-2.84a.45.45 0 01.24-.77l4.03-.58 1.8-3.65z"
              fill="currentColor"
              fill-opacity="0.9"
            />
          </svg>
        </div>
      </div>
    </li>
    <li
      class="t-rate__item"
    >
      <div>
        <div
          class="t-rate__star-top"
          style="font-size: 24px; color: rgb(237, 123, 47);"
        >
          <svg
            class="t-icon t-icon-star-filled"
            fill="none"
            height="1em"
            viewBox="0 0 16 16"
            width="1em"
          >
            <path
              d="M7.6 1.82a.45.45 0 01.8 0l1.8 3.65 4.03.58c.37.05.52.5.25.77l-2.91 2.84.69 4a.45.45 0 01-.66.48L8 12.25l-3.6 1.9a.45.45 0 01-.65-.48l.68-4.01-2.9-2.84a.45.45 0 01.24-.77l4.03-.58 1.8-3.65z"
              fill="currentColor"
              fill-opacity="0.9"
            />
          </svg>
        </div>
        <div
          class="t-rate__star-bottom"
          style="font-size: 24px;"
        >
          <svg
            class="t-icon t-icon-star-filled"
            fill="none"
            height="1em"
            viewBox="0 0 16 16"
            width="1em"
          >
            <path
              d="M7.6 1.82a.45.45 0 01.8 0l1.8 3.65 4.03.58c.37.05.52.5.25.77l-2.91 2.84.69 4a.45.45 0 01-.66.48L8 12.25l-3.6 1.9a.45.45 0 01-.65-.48l.68-4.01-2.9-2.84a.45.45 0 01.24-.77l4.03-.58 1.8-3.65z"
              fill="currentColor"
              fill-opacity="0.9"
            />
          </svg>
        </div>
      </div>
    </li>
  </ul>
</div>
`;

exports[`Rate Rate iconVue demo works fine 1`] = `
<div
  class="t-space t-space-vertical"
  style="gap: 16px;"
>
  <div
    class="t-space-item"
  >
    <div
      class="t-rate"
    >
      <ul
        class="t-rate__list"
        style="gap: 4px;"
      >
        <li
          class="t-rate__item t-rate__item--full"
        >
          <div>
            <div
              class="t-rate__star-top"
              style="font-size: 24px; color: rgb(237, 123, 47);"
            >
              <svg
                class="t-icon t-icon-star"
                fill="none"
                height="1em"
                viewBox="0 0 16 16"
                width="1em"
              >
                <path
                  d="M9.54 6.38L8 3.26 6.46 6.38l-3.44.5L5.5 9.31l-.59 3.43L8 11.12l3.08 1.62-.59-3.43L13 6.88l-3.45-.5zm5-.29a.3.3 0 01.16.52l-3.13 3.05.74 4.3a.3.3 0 01-.44.32L8 12.25l-3.87 2.03a.3.3 0 01-.43-.31l.73-4.31L1.3 6.6a.3.3 0 01.17-.52l4.33-.62 1.93-3.92a.3.3 0 01.54 0l1.94 3.92 4.32.62z"
                  fill="currentColor"
                  fill-opacity="0.9"
                />
              </svg>
            </div>
            <div
              class="t-rate__star-bottom"
              style="font-size: 24px;"
            >
              <svg
                class="t-icon t-icon-star"
                fill="none"
                height="1em"
                viewBox="0 0 16 16"
                width="1em"
              >
                <path
                  d="M9.54 6.38L8 3.26 6.46 6.38l-3.44.5L5.5 9.31l-.59 3.43L8 11.12l3.08 1.62-.59-3.43L13 6.88l-3.45-.5zm5-.29a.3.3 0 01.16.52l-3.13 3.05.74 4.3a.3.3 0 01-.44.32L8 12.25l-3.87 2.03a.3.3 0 01-.43-.31l.73-4.31L1.3 6.6a.3.3 0 01.17-.52l4.33-.62 1.93-3.92a.3.3 0 01.54 0l1.94 3.92 4.32.62z"
                  fill="currentColor"
                  fill-opacity="0.9"
                />
              </svg>
            </div>
          </div>
        </li>
        <li
          class="t-rate__item"
        >
          <div>
            <div
              class="t-rate__star-top"
              style="font-size: 24px; color: rgb(237, 123, 47);"
            >
              <svg
                class="t-icon t-icon-star"
                fill="none"
                height="1em"
                viewBox="0 0 16 16"
                width="1em"
              >
                <path
                  d="M9.54 6.38L8 3.26 6.46 6.38l-3.44.5L5.5 9.31l-.59 3.43L8 11.12l3.08 1.62-.59-3.43L13 6.88l-3.45-.5zm5-.29a.3.3 0 01.16.52l-3.13 3.05.74 4.3a.3.3 0 01-.44.32L8 12.25l-3.87 2.03a.3.3 0 01-.43-.31l.73-4.31L1.3 6.6a.3.3 0 01.17-.52l4.33-.62 1.93-3.92a.3.3 0 01.54 0l1.94 3.92 4.32.62z"
                  fill="currentColor"
                  fill-opacity="0.9"
                />
              </svg>
            </div>
            <div
              class="t-rate__star-bottom"
              style="font-size: 24px;"
            >
              <svg
                class="t-icon t-icon-star"
                fill="none"
                height="1em"
                viewBox="0 0 16 16"
                width="1em"
              >
                <path
                  d="M9.54 6.38L8 3.26 6.46 6.38l-3.44.5L5.5 9.31l-.59 3.43L8 11.12l3.08 1.62-.59-3.43L13 6.88l-3.45-.5zm5-.29a.3.3 0 01.16.52l-3.13 3.05.74 4.3a.3.3 0 01-.44.32L8 12.25l-3.87 2.03a.3.3 0 01-.43-.31l.73-4.31L1.3 6.6a.3.3 0 01.17-.52l4.33-.62 1.93-3.92a.3.3 0 01.54 0l1.94 3.92 4.32.62z"
                  fill="currentColor"
                  fill-opacity="0.9"
                />
              </svg>
            </div>
          </div>
        </li>
        <li
          class="t-rate__item"
        >
          <div>
            <div
              class="t-rate__star-top"
              style="font-size: 24px; color: rgb(237, 123, 47);"
            >
              <svg
                class="t-icon t-icon-star"
                fill="none"
                height="1em"
                viewBox="0 0 16 16"
                width="1em"
              >
                <path
                  d="M9.54 6.38L8 3.26 6.46 6.38l-3.44.5L5.5 9.31l-.59 3.43L8 11.12l3.08 1.62-.59-3.43L13 6.88l-3.45-.5zm5-.29a.3.3 0 01.16.52l-3.13 3.05.74 4.3a.3.3 0 01-.44.32L8 12.25l-3.87 2.03a.3.3 0 01-.43-.31l.73-4.31L1.3 6.6a.3.3 0 01.17-.52l4.33-.62 1.93-3.92a.3.3 0 01.54 0l1.94 3.92 4.32.62z"
                  fill="currentColor"
                  fill-opacity="0.9"
                />
              </svg>
            </div>
            <div
              class="t-rate__star-bottom"
              style="font-size: 24px;"
            >
              <svg
                class="t-icon t-icon-star"
                fill="none"
                height="1em"
                viewBox="0 0 16 16"
                width="1em"
              >
                <path
                  d="M9.54 6.38L8 3.26 6.46 6.38l-3.44.5L5.5 9.31l-.59 3.43L8 11.12l3.08 1.62-.59-3.43L13 6.88l-3.45-.5zm5-.29a.3.3 0 01.16.52l-3.13 3.05.74 4.3a.3.3 0 01-.44.32L8 12.25l-3.87 2.03a.3.3 0 01-.43-.31l.73-4.31L1.3 6.6a.3.3 0 01.17-.52l4.33-.62 1.93-3.92a.3.3 0 01.54 0l1.94 3.92 4.32.62z"
                  fill="currentColor"
                  fill-opacity="0.9"
                />
              </svg>
            </div>
          </div>
        </li>
        <li
          class="t-rate__item"
        >
          <div>
            <div
              class="t-rate__star-top"
              style="font-size: 24px; color: rgb(237, 123, 47);"
            >
              <svg
                class="t-icon t-icon-star"
                fill="none"
                height="1em"
                viewBox="0 0 16 16"
                width="1em"
              >
                <path
                  d="M9.54 6.38L8 3.26 6.46 6.38l-3.44.5L5.5 9.31l-.59 3.43L8 11.12l3.08 1.62-.59-3.43L13 6.88l-3.45-.5zm5-.29a.3.3 0 01.16.52l-3.13 3.05.74 4.3a.3.3 0 01-.44.32L8 12.25l-3.87 2.03a.3.3 0 01-.43-.31l.73-4.31L1.3 6.6a.3.3 0 01.17-.52l4.33-.62 1.93-3.92a.3.3 0 01.54 0l1.94 3.92 4.32.62z"
                  fill="currentColor"
                  fill-opacity="0.9"
                />
              </svg>
            </div>
            <div
              class="t-rate__star-bottom"
              style="font-size: 24px;"
            >
              <svg
                class="t-icon t-icon-star"
                fill="none"
                height="1em"
                viewBox="0 0 16 16"
                width="1em"
              >
                <path
                  d="M9.54 6.38L8 3.26 6.46 6.38l-3.44.5L5.5 9.31l-.59 3.43L8 11.12l3.08 1.62-.59-3.43L13 6.88l-3.45-.5zm5-.29a.3.3 0 01.16.52l-3.13 3.05.74 4.3a.3.3 0 01-.44.32L8 12.25l-3.87 2.03a.3.3 0 01-.43-.31l.73-4.31L1.3 6.6a.3.3 0 01.17-.52l4.33-.62 1.93-3.92a.3.3 0 01.54 0l1.94 3.92 4.32.62z"
                  fill="currentColor"
                  fill-opacity="0.9"
                />
              </svg>
            </div>
          </div>
        </li>
        <li
          class="t-rate__item"
        >
          <div>
            <div
              class="t-rate__star-top"
              style="font-size: 24px; color: rgb(237, 123, 47);"
            >
              <svg
                class="t-icon t-icon-star"
                fill="none"
                height="1em"
                viewBox="0 0 16 16"
                width="1em"
              >
                <path
                  d="M9.54 6.38L8 3.26 6.46 6.38l-3.44.5L5.5 9.31l-.59 3.43L8 11.12l3.08 1.62-.59-3.43L13 6.88l-3.45-.5zm5-.29a.3.3 0 01.16.52l-3.13 3.05.74 4.3a.3.3 0 01-.44.32L8 12.25l-3.87 2.03a.3.3 0 01-.43-.31l.73-4.31L1.3 6.6a.3.3 0 01.17-.52l4.33-.62 1.93-3.92a.3.3 0 01.54 0l1.94 3.92 4.32.62z"
                  fill="currentColor"
                  fill-opacity="0.9"
                />
              </svg>
            </div>
            <div
              class="t-rate__star-bottom"
              style="font-size: 24px;"
            >
              <svg
                class="t-icon t-icon-star"
                fill="none"
                height="1em"
                viewBox="0 0 16 16"
                width="1em"
              >
                <path
                  d="M9.54 6.38L8 3.26 6.46 6.38l-3.44.5L5.5 9.31l-.59 3.43L8 11.12l3.08 1.62-.59-3.43L13 6.88l-3.45-.5zm5-.29a.3.3 0 01.16.52l-3.13 3.05.74 4.3a.3.3 0 01-.44.32L8 12.25l-3.87 2.03a.3.3 0 01-.43-.31l.73-4.31L1.3 6.6a.3.3 0 01.17-.52l4.33-.62 1.93-3.92a.3.3 0 01.54 0l1.94 3.92 4.32.62z"
                  fill="currentColor"
                  fill-opacity="0.9"
                />
              </svg>
            </div>
          </div>
        </li>
      </ul>
    </div>
  </div>
  <div
    class="t-space-item"
  >
    <div
      class="t-rate"
    >
      <ul
        class="t-rate__list"
        style="gap: 4px;"
      >
        <li
          class="t-rate__item t-rate__item--full"
        >
          <div>
            <div
              class="t-rate__star-top"
              style="font-size: 24px; color: rgb(237, 123, 47);"
            >
              <svg
                class="t-icon t-icon-logo-github"
                fill="none"
                height="1em"
                viewBox="0 0 16 16"
                width="1em"
              >
                <path
                  d="M5.5 14.5v-1.8h-.9c-.73 0-1.32-.6-1.32-1.32 0-.25-.2-.46-.46-.46H2.1v-.85h.73a1.31 1.31 0 011.31 1.31.46.46 0 00.46.46h.91v-.38a2 2 0 01.22-.9 6.12 6.12 0 01-.92-.4l-.02-.01c-.5-.27-.94-.6-1.29-.98-.63-.67-1-1.49-1-2.37 0-.85.34-1.64.92-2.29l-.05-.22c-.2-.96 0-1.96.54-2.78a3.7 3.7 0 012.68.92l.36.31a7.26 7.26 0 012.17.02l.37-.33a3.7 3.7 0 012.68-.92c.54.82.74 1.82.54 2.78l-.07.33c.52.63.82 1.38.82 2.18 0 1.38-.9 2.6-2.28 3.35-.29.15-.6.29-.92.4a2 2 0 01.25.97v2.98h-5zM7.08 3.73l-.46.07-.7-.62a2.7 2.7 0 00-1.43-.66 2.7 2.7 0 00-.15 1.57l.15.7-.33.38c-.45.5-.67 1.06-.67 1.63 0 1.1.9 2.25 2.55 2.81l1.09.37-.52 1.03a1 1 0 00-.11.45v2.04h3v-1.98a1 1 0 00-.12-.49L8.8 10l1.13-.39c1.64-.56 2.52-1.71 2.52-2.8 0-.54-.2-1.06-.59-1.54l-.3-.37.16-.8a2.7 2.7 0 00-.15-1.57 2.7 2.7 0 00-1.43.66l-.72.64-.47-.08a6.25 6.25 0 00-1.87 0z"
                  fill="currentColor"
                  fill-opacity="0.9"
                />
              </svg>
            </div>
            <div
              class="t-rate__star-bottom"
              style="font-size: 24px;"
            >
              <svg
                class="t-icon t-icon-logo-github"
                fill="none"
                height="1em"
                viewBox="0 0 16 16"
                width="1em"
              >
                <path
                  d="M5.5 14.5v-1.8h-.9c-.73 0-1.32-.6-1.32-1.32 0-.25-.2-.46-.46-.46H2.1v-.85h.73a1.31 1.31 0 011.31 1.31.46.46 0 00.46.46h.91v-.38a2 2 0 01.22-.9 6.12 6.12 0 01-.92-.4l-.02-.01c-.5-.27-.94-.6-1.29-.98-.63-.67-1-1.49-1-2.37 0-.85.34-1.64.92-2.29l-.05-.22c-.2-.96 0-1.96.54-2.78a3.7 3.7 0 012.68.92l.36.31a7.26 7.26 0 012.17.02l.37-.33a3.7 3.7 0 012.68-.92c.54.82.74 1.82.54 2.78l-.07.33c.52.63.82 1.38.82 2.18 0 1.38-.9 2.6-2.28 3.35-.29.15-.6.29-.92.4a2 2 0 01.25.97v2.98h-5zM7.08 3.73l-.46.07-.7-.62a2.7 2.7 0 00-1.43-.66 2.7 2.7 0 00-.15 1.57l.15.7-.33.38c-.45.5-.67 1.06-.67 1.63 0 1.1.9 2.25 2.55 2.81l1.09.37-.52 1.03a1 1 0 00-.11.45v2.04h3v-1.98a1 1 0 00-.12-.49L8.8 10l1.13-.39c1.64-.56 2.52-1.71 2.52-2.8 0-.54-.2-1.06-.59-1.54l-.3-.37.16-.8a2.7 2.7 0 00-.15-1.57 2.7 2.7 0 00-1.43.66l-.72.64-.47-.08a6.25 6.25 0 00-1.87 0z"
                  fill="currentColor"
                  fill-opacity="0.9"
                />
              </svg>
            </div>
          </div>
        </li>
        <li
          class="t-rate__item t-rate__item--full"
        >
          <div>
            <div
              class="t-rate__star-top"
              style="font-size: 24px; color: rgb(237, 123, 47);"
            >
              <svg
                class="t-icon t-icon-logo-github"
                fill="none"
                height="1em"
                viewBox="0 0 16 16"
                width="1em"
              >
                <path
                  d="M5.5 14.5v-1.8h-.9c-.73 0-1.32-.6-1.32-1.32 0-.25-.2-.46-.46-.46H2.1v-.85h.73a1.31 1.31 0 011.31 1.31.46.46 0 00.46.46h.91v-.38a2 2 0 01.22-.9 6.12 6.12 0 01-.92-.4l-.02-.01c-.5-.27-.94-.6-1.29-.98-.63-.67-1-1.49-1-2.37 0-.85.34-1.64.92-2.29l-.05-.22c-.2-.96 0-1.96.54-2.78a3.7 3.7 0 012.68.92l.36.31a7.26 7.26 0 012.17.02l.37-.33a3.7 3.7 0 012.68-.92c.54.82.74 1.82.54 2.78l-.07.33c.52.63.82 1.38.82 2.18 0 1.38-.9 2.6-2.28 3.35-.29.15-.6.29-.92.4a2 2 0 01.25.97v2.98h-5zM7.08 3.73l-.46.07-.7-.62a2.7 2.7 0 00-1.43-.66 2.7 2.7 0 00-.15 1.57l.15.7-.33.38c-.45.5-.67 1.06-.67 1.63 0 1.1.9 2.25 2.55 2.81l1.09.37-.52 1.03a1 1 0 00-.11.45v2.04h3v-1.98a1 1 0 00-.12-.49L8.8 10l1.13-.39c1.64-.56 2.52-1.71 2.52-2.8 0-.54-.2-1.06-.59-1.54l-.3-.37.16-.8a2.7 2.7 0 00-.15-1.57 2.7 2.7 0 00-1.43.66l-.72.64-.47-.08a6.25 6.25 0 00-1.87 0z"
                  fill="currentColor"
                  fill-opacity="0.9"
                />
              </svg>
            </div>
            <div
              class="t-rate__star-bottom"
              style="font-size: 24px;"
            >
              <svg
                class="t-icon t-icon-logo-github"
                fill="none"
                height="1em"
                viewBox="0 0 16 16"
                width="1em"
              >
                <path
                  d="M5.5 14.5v-1.8h-.9c-.73 0-1.32-.6-1.32-1.32 0-.25-.2-.46-.46-.46H2.1v-.85h.73a1.31 1.31 0 011.31 1.31.46.46 0 00.46.46h.91v-.38a2 2 0 01.22-.9 6.12 6.12 0 01-.92-.4l-.02-.01c-.5-.27-.94-.6-1.29-.98-.63-.67-1-1.49-1-2.37 0-.85.34-1.64.92-2.29l-.05-.22c-.2-.96 0-1.96.54-2.78a3.7 3.7 0 012.68.92l.36.31a7.26 7.26 0 012.17.02l.37-.33a3.7 3.7 0 012.68-.92c.54.82.74 1.82.54 2.78l-.07.33c.52.63.82 1.38.82 2.18 0 1.38-.9 2.6-2.28 3.35-.29.15-.6.29-.92.4a2 2 0 01.25.97v2.98h-5zM7.08 3.73l-.46.07-.7-.62a2.7 2.7 0 00-1.43-.66 2.7 2.7 0 00-.15 1.57l.15.7-.33.38c-.45.5-.67 1.06-.67 1.63 0 1.1.9 2.25 2.55 2.81l1.09.37-.52 1.03a1 1 0 00-.11.45v2.04h3v-1.98a1 1 0 00-.12-.49L8.8 10l1.13-.39c1.64-.56 2.52-1.71 2.52-2.8 0-.54-.2-1.06-.59-1.54l-.3-.37.16-.8a2.7 2.7 0 00-.15-1.57 2.7 2.7 0 00-1.43.66l-.72.64-.47-.08a6.25 6.25 0 00-1.87 0z"
                  fill="currentColor"
                  fill-opacity="0.9"
                />
              </svg>
            </div>
          </div>
        </li>
        <li
          class="t-rate__item"
        >
          <div>
            <div
              class="t-rate__star-top"
              style="font-size: 24px; color: rgb(237, 123, 47);"
            >
              <svg
                class="t-icon t-icon-logo-github"
                fill="none"
                height="1em"
                viewBox="0 0 16 16"
                width="1em"
              >
                <path
                  d="M5.5 14.5v-1.8h-.9c-.73 0-1.32-.6-1.32-1.32 0-.25-.2-.46-.46-.46H2.1v-.85h.73a1.31 1.31 0 011.31 1.31.46.46 0 00.46.46h.91v-.38a2 2 0 01.22-.9 6.12 6.12 0 01-.92-.4l-.02-.01c-.5-.27-.94-.6-1.29-.98-.63-.67-1-1.49-1-2.37 0-.85.34-1.64.92-2.29l-.05-.22c-.2-.96 0-1.96.54-2.78a3.7 3.7 0 012.68.92l.36.31a7.26 7.26 0 012.17.02l.37-.33a3.7 3.7 0 012.68-.92c.54.82.74 1.82.54 2.78l-.07.33c.52.63.82 1.38.82 2.18 0 1.38-.9 2.6-2.28 3.35-.29.15-.6.29-.92.4a2 2 0 01.25.97v2.98h-5zM7.08 3.73l-.46.07-.7-.62a2.7 2.7 0 00-1.43-.66 2.7 2.7 0 00-.15 1.57l.15.7-.33.38c-.45.5-.67 1.06-.67 1.63 0 1.1.9 2.25 2.55 2.81l1.09.37-.52 1.03a1 1 0 00-.11.45v2.04h3v-1.98a1 1 0 00-.12-.49L8.8 10l1.13-.39c1.64-.56 2.52-1.71 2.52-2.8 0-.54-.2-1.06-.59-1.54l-.3-.37.16-.8a2.7 2.7 0 00-.15-1.57 2.7 2.7 0 00-1.43.66l-.72.64-.47-.08a6.25 6.25 0 00-1.87 0z"
                  fill="currentColor"
                  fill-opacity="0.9"
                />
              </svg>
            </div>
            <div
              class="t-rate__star-bottom"
              style="font-size: 24px;"
            >
              <svg
                class="t-icon t-icon-logo-github"
                fill="none"
                height="1em"
                viewBox="0 0 16 16"
                width="1em"
              >
                <path
                  d="M5.5 14.5v-1.8h-.9c-.73 0-1.32-.6-1.32-1.32 0-.25-.2-.46-.46-.46H2.1v-.85h.73a1.31 1.31 0 011.31 1.31.46.46 0 00.46.46h.91v-.38a2 2 0 01.22-.9 6.12 6.12 0 01-.92-.4l-.02-.01c-.5-.27-.94-.6-1.29-.98-.63-.67-1-1.49-1-2.37 0-.85.34-1.64.92-2.29l-.05-.22c-.2-.96 0-1.96.54-2.78a3.7 3.7 0 012.68.92l.36.31a7.26 7.26 0 012.17.02l.37-.33a3.7 3.7 0 012.68-.92c.54.82.74 1.82.54 2.78l-.07.33c.52.63.82 1.38.82 2.18 0 1.38-.9 2.6-2.28 3.35-.29.15-.6.29-.92.4a2 2 0 01.25.97v2.98h-5zM7.08 3.73l-.46.07-.7-.62a2.7 2.7 0 00-1.43-.66 2.7 2.7 0 00-.15 1.57l.15.7-.33.38c-.45.5-.67 1.06-.67 1.63 0 1.1.9 2.25 2.55 2.81l1.09.37-.52 1.03a1 1 0 00-.11.45v2.04h3v-1.98a1 1 0 00-.12-.49L8.8 10l1.13-.39c1.64-.56 2.52-1.71 2.52-2.8 0-.54-.2-1.06-.59-1.54l-.3-.37.16-.8a2.7 2.7 0 00-.15-1.57 2.7 2.7 0 00-1.43.66l-.72.64-.47-.08a6.25 6.25 0 00-1.87 0z"
                  fill="currentColor"
                  fill-opacity="0.9"
                />
              </svg>
            </div>
          </div>
        </li>
        <li
          class="t-rate__item"
        >
          <div>
            <div
              class="t-rate__star-top"
              style="font-size: 24px; color: rgb(237, 123, 47);"
            >
              <svg
                class="t-icon t-icon-logo-github"
                fill="none"
                height="1em"
                viewBox="0 0 16 16"
                width="1em"
              >
                <path
                  d="M5.5 14.5v-1.8h-.9c-.73 0-1.32-.6-1.32-1.32 0-.25-.2-.46-.46-.46H2.1v-.85h.73a1.31 1.31 0 011.31 1.31.46.46 0 00.46.46h.91v-.38a2 2 0 01.22-.9 6.12 6.12 0 01-.92-.4l-.02-.01c-.5-.27-.94-.6-1.29-.98-.63-.67-1-1.49-1-2.37 0-.85.34-1.64.92-2.29l-.05-.22c-.2-.96 0-1.96.54-2.78a3.7 3.7 0 012.68.92l.36.31a7.26 7.26 0 012.17.02l.37-.33a3.7 3.7 0 012.68-.92c.54.82.74 1.82.54 2.78l-.07.33c.52.63.82 1.38.82 2.18 0 1.38-.9 2.6-2.28 3.35-.29.15-.6.29-.92.4a2 2 0 01.25.97v2.98h-5zM7.08 3.73l-.46.07-.7-.62a2.7 2.7 0 00-1.43-.66 2.7 2.7 0 00-.15 1.57l.15.7-.33.38c-.45.5-.67 1.06-.67 1.63 0 1.1.9 2.25 2.55 2.81l1.09.37-.52 1.03a1 1 0 00-.11.45v2.04h3v-1.98a1 1 0 00-.12-.49L8.8 10l1.13-.39c1.64-.56 2.52-1.71 2.52-2.8 0-.54-.2-1.06-.59-1.54l-.3-.37.16-.8a2.7 2.7 0 00-.15-1.57 2.7 2.7 0 00-1.43.66l-.72.64-.47-.08a6.25 6.25 0 00-1.87 0z"
                  fill="currentColor"
                  fill-opacity="0.9"
                />
              </svg>
            </div>
            <div
              class="t-rate__star-bottom"
              style="font-size: 24px;"
            >
              <svg
                class="t-icon t-icon-logo-github"
                fill="none"
                height="1em"
                viewBox="0 0 16 16"
                width="1em"
              >
                <path
                  d="M5.5 14.5v-1.8h-.9c-.73 0-1.32-.6-1.32-1.32 0-.25-.2-.46-.46-.46H2.1v-.85h.73a1.31 1.31 0 011.31 1.31.46.46 0 00.46.46h.91v-.38a2 2 0 01.22-.9 6.12 6.12 0 01-.92-.4l-.02-.01c-.5-.27-.94-.6-1.29-.98-.63-.67-1-1.49-1-2.37 0-.85.34-1.64.92-2.29l-.05-.22c-.2-.96 0-1.96.54-2.78a3.7 3.7 0 012.68.92l.36.31a7.26 7.26 0 012.17.02l.37-.33a3.7 3.7 0 012.68-.92c.54.82.74 1.82.54 2.78l-.07.33c.52.63.82 1.38.82 2.18 0 1.38-.9 2.6-2.28 3.35-.29.15-.6.29-.92.4a2 2 0 01.25.97v2.98h-5zM7.08 3.73l-.46.07-.7-.62a2.7 2.7 0 00-1.43-.66 2.7 2.7 0 00-.15 1.57l.15.7-.33.38c-.45.5-.67 1.06-.67 1.63 0 1.1.9 2.25 2.55 2.81l1.09.37-.52 1.03a1 1 0 00-.11.45v2.04h3v-1.98a1 1 0 00-.12-.49L8.8 10l1.13-.39c1.64-.56 2.52-1.71 2.52-2.8 0-.54-.2-1.06-.59-1.54l-.3-.37.16-.8a2.7 2.7 0 00-.15-1.57 2.7 2.7 0 00-1.43.66l-.72.64-.47-.08a6.25 6.25 0 00-1.87 0z"
                  fill="currentColor"
                  fill-opacity="0.9"
                />
              </svg>
            </div>
          </div>
        </li>
        <li
          class="t-rate__item"
        >
          <div>
            <div
              class="t-rate__star-top"
              style="font-size: 24px; color: rgb(237, 123, 47);"
            >
              <svg
                class="t-icon t-icon-logo-github"
                fill="none"
                height="1em"
                viewBox="0 0 16 16"
                width="1em"
              >
                <path
                  d="M5.5 14.5v-1.8h-.9c-.73 0-1.32-.6-1.32-1.32 0-.25-.2-.46-.46-.46H2.1v-.85h.73a1.31 1.31 0 011.31 1.31.46.46 0 00.46.46h.91v-.38a2 2 0 01.22-.9 6.12 6.12 0 01-.92-.4l-.02-.01c-.5-.27-.94-.6-1.29-.98-.63-.67-1-1.49-1-2.37 0-.85.34-1.64.92-2.29l-.05-.22c-.2-.96 0-1.96.54-2.78a3.7 3.7 0 012.68.92l.36.31a7.26 7.26 0 012.17.02l.37-.33a3.7 3.7 0 012.68-.92c.54.82.74 1.82.54 2.78l-.07.33c.52.63.82 1.38.82 2.18 0 1.38-.9 2.6-2.28 3.35-.29.15-.6.29-.92.4a2 2 0 01.25.97v2.98h-5zM7.08 3.73l-.46.07-.7-.62a2.7 2.7 0 00-1.43-.66 2.7 2.7 0 00-.15 1.57l.15.7-.33.38c-.45.5-.67 1.06-.67 1.63 0 1.1.9 2.25 2.55 2.81l1.09.37-.52 1.03a1 1 0 00-.11.45v2.04h3v-1.98a1 1 0 00-.12-.49L8.8 10l1.13-.39c1.64-.56 2.52-1.71 2.52-2.8 0-.54-.2-1.06-.59-1.54l-.3-.37.16-.8a2.7 2.7 0 00-.15-1.57 2.7 2.7 0 00-1.43.66l-.72.64-.47-.08a6.25 6.25 0 00-1.87 0z"
                  fill="currentColor"
                  fill-opacity="0.9"
                />
              </svg>
            </div>
            <div
              class="t-rate__star-bottom"
              style="font-size: 24px;"
            >
              <svg
                class="t-icon t-icon-logo-github"
                fill="none"
                height="1em"
                viewBox="0 0 16 16"
                width="1em"
              >
                <path
                  d="M5.5 14.5v-1.8h-.9c-.73 0-1.32-.6-1.32-1.32 0-.25-.2-.46-.46-.46H2.1v-.85h.73a1.31 1.31 0 011.31 1.31.46.46 0 00.46.46h.91v-.38a2 2 0 01.22-.9 6.12 6.12 0 01-.92-.4l-.02-.01c-.5-.27-.94-.6-1.29-.98-.63-.67-1-1.49-1-2.37 0-.85.34-1.64.92-2.29l-.05-.22c-.2-.96 0-1.96.54-2.78a3.7 3.7 0 012.68.92l.36.31a7.26 7.26 0 012.17.02l.37-.33a3.7 3.7 0 012.68-.92c.54.82.74 1.82.54 2.78l-.07.33c.52.63.82 1.38.82 2.18 0 1.38-.9 2.6-2.28 3.35-.29.15-.6.29-.92.4a2 2 0 01.25.97v2.98h-5zM7.08 3.73l-.46.07-.7-.62a2.7 2.7 0 00-1.43-.66 2.7 2.7 0 00-.15 1.57l.15.7-.33.38c-.45.5-.67 1.06-.67 1.63 0 1.1.9 2.25 2.55 2.81l1.09.37-.52 1.03a1 1 0 00-.11.45v2.04h3v-1.98a1 1 0 00-.12-.49L8.8 10l1.13-.39c1.64-.56 2.52-1.71 2.52-2.8 0-.54-.2-1.06-.59-1.54l-.3-.37.16-.8a2.7 2.7 0 00-.15-1.57 2.7 2.7 0 00-1.43.66l-.72.64-.47-.08a6.25 6.25 0 00-1.87 0z"
                  fill="currentColor"
                  fill-opacity="0.9"
                />
              </svg>
            </div>
          </div>
        </li>
      </ul>
    </div>
  </div>
  <div
    class="t-space-item"
  >
    <div
      class="t-rate"
    >
      <ul
        class="t-rate__list"
        style="gap: 4px;"
      >
        <li
          class="t-rate__item t-rate__item--full"
        >
          <div>
            <div
              class="t-rate__star-top"
              style="font-size: 24px;"
            >
              <svg
                class="t-icon t-icon-heart-filled"
                fill="none"
                height="1em"
                viewBox="0 0 16 16"
                width="1em"
              >
                <path
                  d="M2 6.61a3.35 3.35 0 015.61-2.47L8 4.5l.39-.36a3.35 3.35 0 014.63 4.84l-4.87 4.87a.2.2 0 01-.3 0L2.98 8.98A3.35 3.35 0 012 6.61z"
                  fill="currentColor"
                  fill-opacity="0.9"
                />
              </svg>
            </div>
            <div
              class="t-rate__star-bottom"
              style="font-size: 24px;"
            >
              <svg
                class="t-icon t-icon-heart-filled"
                fill="none"
                height="1em"
                viewBox="0 0 16 16"
                width="1em"
              >
                <path
                  d="M2 6.61a3.35 3.35 0 015.61-2.47L8 4.5l.39-.36a3.35 3.35 0 014.63 4.84l-4.87 4.87a.2.2 0 01-.3 0L2.98 8.98A3.35 3.35 0 012 6.61z"
                  fill="currentColor"
                  fill-opacity="0.9"
                />
              </svg>
            </div>
          </div>
        </li>
        <li
          class="t-rate__item t-rate__item--full"
        >
          <div>
            <div
              class="t-rate__star-top"
              style="font-size: 24px;"
            >
              <svg
                class="t-icon t-icon-heart-filled"
                fill="none"
                height="1em"
                viewBox="0 0 16 16"
                width="1em"
              >
                <path
                  d="M2 6.61a3.35 3.35 0 015.61-2.47L8 4.5l.39-.36a3.35 3.35 0 014.63 4.84l-4.87 4.87a.2.2 0 01-.3 0L2.98 8.98A3.35 3.35 0 012 6.61z"
                  fill="currentColor"
                  fill-opacity="0.9"
                />
              </svg>
            </div>
            <div
              class="t-rate__star-bottom"
              style="font-size: 24px;"
            >
              <svg
                class="t-icon t-icon-heart-filled"
                fill="none"
                height="1em"
                viewBox="0 0 16 16"
                width="1em"
              >
                <path
                  d="M2 6.61a3.35 3.35 0 015.61-2.47L8 4.5l.39-.36a3.35 3.35 0 014.63 4.84l-4.87 4.87a.2.2 0 01-.3 0L2.98 8.98A3.35 3.35 0 012 6.61z"
                  fill="currentColor"
                  fill-opacity="0.9"
                />
              </svg>
            </div>
          </div>
        </li>
        <li
          class="t-rate__item t-rate__item--half"
        >
          <div>
            <div
              class="t-rate__star-top"
              style="font-size: 24px;"
            >
              <svg
                class="t-icon t-icon-heart-filled"
                fill="none"
                height="1em"
                viewBox="0 0 16 16"
                width="1em"
              >
                <path
                  d="M2 6.61a3.35 3.35 0 015.61-2.47L8 4.5l.39-.36a3.35 3.35 0 014.63 4.84l-4.87 4.87a.2.2 0 01-.3 0L2.98 8.98A3.35 3.35 0 012 6.61z"
                  fill="currentColor"
                  fill-opacity="0.9"
                />
              </svg>
            </div>
            <div
              class="t-rate__star-bottom"
              style="font-size: 24px;"
            >
              <svg
                class="t-icon t-icon-heart-filled"
                fill="none"
                height="1em"
                viewBox="0 0 16 16"
                width="1em"
              >
                <path
                  d="M2 6.61a3.35 3.35 0 015.61-2.47L8 4.5l.39-.36a3.35 3.35 0 014.63 4.84l-4.87 4.87a.2.2 0 01-.3 0L2.98 8.98A3.35 3.35 0 012 6.61z"
                  fill="currentColor"
                  fill-opacity="0.9"
                />
              </svg>
            </div>
          </div>
        </li>
        <li
          class="t-rate__item"
        >
          <div>
            <div
              class="t-rate__star-top"
              style="font-size: 24px;"
            >
              <svg
                class="t-icon t-icon-heart-filled"
                fill="none"
                height="1em"
                viewBox="0 0 16 16"
                width="1em"
              >
                <path
                  d="M2 6.61a3.35 3.35 0 015.61-2.47L8 4.5l.39-.36a3.35 3.35 0 014.63 4.84l-4.87 4.87a.2.2 0 01-.3 0L2.98 8.98A3.35 3.35 0 012 6.61z"
                  fill="currentColor"
                  fill-opacity="0.9"
                />
              </svg>
            </div>
            <div
              class="t-rate__star-bottom"
              style="font-size: 24px;"
            >
              <svg
                class="t-icon t-icon-heart-filled"
                fill="none"
                height="1em"
                viewBox="0 0 16 16"
                width="1em"
              >
                <path
                  d="M2 6.61a3.35 3.35 0 015.61-2.47L8 4.5l.39-.36a3.35 3.35 0 014.63 4.84l-4.87 4.87a.2.2 0 01-.3 0L2.98 8.98A3.35 3.35 0 012 6.61z"
                  fill="currentColor"
                  fill-opacity="0.9"
                />
              </svg>
            </div>
          </div>
        </li>
        <li
          class="t-rate__item"
        >
          <div>
            <div
              class="t-rate__star-top"
              style="font-size: 24px;"
            >
              <svg
                class="t-icon t-icon-heart-filled"
                fill="none"
                height="1em"
                viewBox="0 0 16 16"
                width="1em"
              >
                <path
                  d="M2 6.61a3.35 3.35 0 015.61-2.47L8 4.5l.39-.36a3.35 3.35 0 014.63 4.84l-4.87 4.87a.2.2 0 01-.3 0L2.98 8.98A3.35 3.35 0 012 6.61z"
                  fill="currentColor"
                  fill-opacity="0.9"
                />
              </svg>
            </div>
            <div
              class="t-rate__star-bottom"
              style="font-size: 24px;"
            >
              <svg
                class="t-icon t-icon-heart-filled"
                fill="none"
                height="1em"
                viewBox="0 0 16 16"
                width="1em"
              >
                <path
                  d="M2 6.61a3.35 3.35 0 015.61-2.47L8 4.5l.39-.36a3.35 3.35 0 014.63 4.84l-4.87 4.87a.2.2 0 01-.3 0L2.98 8.98A3.35 3.35 0 012 6.61z"
                  fill="currentColor"
                  fill-opacity="0.9"
                />
              </svg>
            </div>
          </div>
        </li>
      </ul>
    </div>
  </div>
</div>
`;

exports[`Rate Rate sizeVue demo works fine 1`] = `
<div
  class="t-space t-space-vertical"
  style="gap: 16px;"
>
  <div
    class="t-space-item"
  >
    <h3>
      16px
    </h3>
  </div>
  <div
    class="t-space-item"
  >
    <div
      class="t-rate"
    >
      <ul
        class="t-rate__list"
        style="gap: 4px;"
      >
        <li
          class="t-rate__item t-rate__item--full"
        >
          <div>
            <div
              class="t-rate__star-top"
              style="font-size: 16px; color: rgb(237, 123, 47);"
            >
              <svg
                class="t-icon t-icon-star-filled"
                fill="none"
                height="1em"
                viewBox="0 0 16 16"
                width="1em"
              >
                <path
                  d="M7.6 1.82a.45.45 0 01.8 0l1.8 3.65 4.03.58c.37.05.52.5.25.77l-2.91 2.84.69 4a.45.45 0 01-.66.48L8 12.25l-3.6 1.9a.45.45 0 01-.65-.48l.68-4.01-2.9-2.84a.45.45 0 01.24-.77l4.03-.58 1.8-3.65z"
                  fill="currentColor"
                  fill-opacity="0.9"
                />
              </svg>
            </div>
            <div
              class="t-rate__star-bottom"
              style="font-size: 16px;"
            >
              <svg
                class="t-icon t-icon-star-filled"
                fill="none"
                height="1em"
                viewBox="0 0 16 16"
                width="1em"
              >
                <path
                  d="M7.6 1.82a.45.45 0 01.8 0l1.8 3.65 4.03.58c.37.05.52.5.25.77l-2.91 2.84.69 4a.45.45 0 01-.66.48L8 12.25l-3.6 1.9a.45.45 0 01-.65-.48l.68-4.01-2.9-2.84a.45.45 0 01.24-.77l4.03-.58 1.8-3.65z"
                  fill="currentColor"
                  fill-opacity="0.9"
                />
              </svg>
            </div>
          </div>
        </li>
        <li
          class="t-rate__item t-rate__item--full"
        >
          <div>
            <div
              class="t-rate__star-top"
              style="font-size: 16px; color: rgb(237, 123, 47);"
            >
              <svg
                class="t-icon t-icon-star-filled"
                fill="none"
                height="1em"
                viewBox="0 0 16 16"
                width="1em"
              >
                <path
                  d="M7.6 1.82a.45.45 0 01.8 0l1.8 3.65 4.03.58c.37.05.52.5.25.77l-2.91 2.84.69 4a.45.45 0 01-.66.48L8 12.25l-3.6 1.9a.45.45 0 01-.65-.48l.68-4.01-2.9-2.84a.45.45 0 01.24-.77l4.03-.58 1.8-3.65z"
                  fill="currentColor"
                  fill-opacity="0.9"
                />
              </svg>
            </div>
            <div
              class="t-rate__star-bottom"
              style="font-size: 16px;"
            >
              <svg
                class="t-icon t-icon-star-filled"
                fill="none"
                height="1em"
                viewBox="0 0 16 16"
                width="1em"
              >
                <path
                  d="M7.6 1.82a.45.45 0 01.8 0l1.8 3.65 4.03.58c.37.05.52.5.25.77l-2.91 2.84.69 4a.45.45 0 01-.66.48L8 12.25l-3.6 1.9a.45.45 0 01-.65-.48l.68-4.01-2.9-2.84a.45.45 0 01.24-.77l4.03-.58 1.8-3.65z"
                  fill="currentColor"
                  fill-opacity="0.9"
                />
              </svg>
            </div>
          </div>
        </li>
        <li
          class="t-rate__item t-rate__item--full"
        >
          <div>
            <div
              class="t-rate__star-top"
              style="font-size: 16px; color: rgb(237, 123, 47);"
            >
              <svg
                class="t-icon t-icon-star-filled"
                fill="none"
                height="1em"
                viewBox="0 0 16 16"
                width="1em"
              >
                <path
                  d="M7.6 1.82a.45.45 0 01.8 0l1.8 3.65 4.03.58c.37.05.52.5.25.77l-2.91 2.84.69 4a.45.45 0 01-.66.48L8 12.25l-3.6 1.9a.45.45 0 01-.65-.48l.68-4.01-2.9-2.84a.45.45 0 01.24-.77l4.03-.58 1.8-3.65z"
                  fill="currentColor"
                  fill-opacity="0.9"
                />
              </svg>
            </div>
            <div
              class="t-rate__star-bottom"
              style="font-size: 16px;"
            >
              <svg
                class="t-icon t-icon-star-filled"
                fill="none"
                height="1em"
                viewBox="0 0 16 16"
                width="1em"
              >
                <path
                  d="M7.6 1.82a.45.45 0 01.8 0l1.8 3.65 4.03.58c.37.05.52.5.25.77l-2.91 2.84.69 4a.45.45 0 01-.66.48L8 12.25l-3.6 1.9a.45.45 0 01-.65-.48l.68-4.01-2.9-2.84a.45.45 0 01.24-.77l4.03-.58 1.8-3.65z"
                  fill="currentColor"
                  fill-opacity="0.9"
                />
              </svg>
            </div>
          </div>
        </li>
        <li
          class="t-rate__item t-rate__item--full"
        >
          <div>
            <div
              class="t-rate__star-top"
              style="font-size: 16px; color: rgb(237, 123, 47);"
            >
              <svg
                class="t-icon t-icon-star-filled"
                fill="none"
                height="1em"
                viewBox="0 0 16 16"
                width="1em"
              >
                <path
                  d="M7.6 1.82a.45.45 0 01.8 0l1.8 3.65 4.03.58c.37.05.52.5.25.77l-2.91 2.84.69 4a.45.45 0 01-.66.48L8 12.25l-3.6 1.9a.45.45 0 01-.65-.48l.68-4.01-2.9-2.84a.45.45 0 01.24-.77l4.03-.58 1.8-3.65z"
                  fill="currentColor"
                  fill-opacity="0.9"
                />
              </svg>
            </div>
            <div
              class="t-rate__star-bottom"
              style="font-size: 16px;"
            >
              <svg
                class="t-icon t-icon-star-filled"
                fill="none"
                height="1em"
                viewBox="0 0 16 16"
                width="1em"
              >
                <path
                  d="M7.6 1.82a.45.45 0 01.8 0l1.8 3.65 4.03.58c.37.05.52.5.25.77l-2.91 2.84.69 4a.45.45 0 01-.66.48L8 12.25l-3.6 1.9a.45.45 0 01-.65-.48l.68-4.01-2.9-2.84a.45.45 0 01.24-.77l4.03-.58 1.8-3.65z"
                  fill="currentColor"
                  fill-opacity="0.9"
                />
              </svg>
            </div>
          </div>
        </li>
        <li
          class="t-rate__item t-rate__item--full"
        >
          <div>
            <div
              class="t-rate__star-top"
              style="font-size: 16px; color: rgb(237, 123, 47);"
            >
              <svg
                class="t-icon t-icon-star-filled"
                fill="none"
                height="1em"
                viewBox="0 0 16 16"
                width="1em"
              >
                <path
                  d="M7.6 1.82a.45.45 0 01.8 0l1.8 3.65 4.03.58c.37.05.52.5.25.77l-2.91 2.84.69 4a.45.45 0 01-.66.48L8 12.25l-3.6 1.9a.45.45 0 01-.65-.48l.68-4.01-2.9-2.84a.45.45 0 01.24-.77l4.03-.58 1.8-3.65z"
                  fill="currentColor"
                  fill-opacity="0.9"
                />
              </svg>
            </div>
            <div
              class="t-rate__star-bottom"
              style="font-size: 16px;"
            >
              <svg
                class="t-icon t-icon-star-filled"
                fill="none"
                height="1em"
                viewBox="0 0 16 16"
                width="1em"
              >
                <path
                  d="M7.6 1.82a.45.45 0 01.8 0l1.8 3.65 4.03.58c.37.05.52.5.25.77l-2.91 2.84.69 4a.45.45 0 01-.66.48L8 12.25l-3.6 1.9a.45.45 0 01-.65-.48l.68-4.01-2.9-2.84a.45.45 0 01.24-.77l4.03-.58 1.8-3.65z"
                  fill="currentColor"
                  fill-opacity="0.9"
                />
              </svg>
            </div>
          </div>
        </li>
      </ul>
    </div>
  </div>
  <div
    class="t-space-item"
  >
    <h3>
      24px
    </h3>
  </div>
  <div
    class="t-space-item"
  >
    <div
      class="t-rate"
    >
      <ul
        class="t-rate__list"
        style="gap: 4px;"
      >
        <li
          class="t-rate__item t-rate__item--full"
        >
          <div>
            <div
              class="t-rate__star-top"
              style="font-size: 24px; color: rgb(237, 123, 47);"
            >
              <svg
                class="t-icon t-icon-star-filled"
                fill="none"
                height="1em"
                viewBox="0 0 16 16"
                width="1em"
              >
                <path
                  d="M7.6 1.82a.45.45 0 01.8 0l1.8 3.65 4.03.58c.37.05.52.5.25.77l-2.91 2.84.69 4a.45.45 0 01-.66.48L8 12.25l-3.6 1.9a.45.45 0 01-.65-.48l.68-4.01-2.9-2.84a.45.45 0 01.24-.77l4.03-.58 1.8-3.65z"
                  fill="currentColor"
                  fill-opacity="0.9"
                />
              </svg>
            </div>
            <div
              class="t-rate__star-bottom"
              style="font-size: 24px;"
            >
              <svg
                class="t-icon t-icon-star-filled"
                fill="none"
                height="1em"
                viewBox="0 0 16 16"
                width="1em"
              >
                <path
                  d="M7.6 1.82a.45.45 0 01.8 0l1.8 3.65 4.03.58c.37.05.52.5.25.77l-2.91 2.84.69 4a.45.45 0 01-.66.48L8 12.25l-3.6 1.9a.45.45 0 01-.65-.48l.68-4.01-2.9-2.84a.45.45 0 01.24-.77l4.03-.58 1.8-3.65z"
                  fill="currentColor"
                  fill-opacity="0.9"
                />
              </svg>
            </div>
          </div>
        </li>
        <li
          class="t-rate__item t-rate__item--full"
        >
          <div>
            <div
              class="t-rate__star-top"
              style="font-size: 24px; color: rgb(237, 123, 47);"
            >
              <svg
                class="t-icon t-icon-star-filled"
                fill="none"
                height="1em"
                viewBox="0 0 16 16"
                width="1em"
              >
                <path
                  d="M7.6 1.82a.45.45 0 01.8 0l1.8 3.65 4.03.58c.37.05.52.5.25.77l-2.91 2.84.69 4a.45.45 0 01-.66.48L8 12.25l-3.6 1.9a.45.45 0 01-.65-.48l.68-4.01-2.9-2.84a.45.45 0 01.24-.77l4.03-.58 1.8-3.65z"
                  fill="currentColor"
                  fill-opacity="0.9"
                />
              </svg>
            </div>
            <div
              class="t-rate__star-bottom"
              style="font-size: 24px;"
            >
              <svg
                class="t-icon t-icon-star-filled"
                fill="none"
                height="1em"
                viewBox="0 0 16 16"
                width="1em"
              >
                <path
                  d="M7.6 1.82a.45.45 0 01.8 0l1.8 3.65 4.03.58c.37.05.52.5.25.77l-2.91 2.84.69 4a.45.45 0 01-.66.48L8 12.25l-3.6 1.9a.45.45 0 01-.65-.48l.68-4.01-2.9-2.84a.45.45 0 01.24-.77l4.03-.58 1.8-3.65z"
                  fill="currentColor"
                  fill-opacity="0.9"
                />
              </svg>
            </div>
          </div>
        </li>
        <li
          class="t-rate__item t-rate__item--full"
        >
          <div>
            <div
              class="t-rate__star-top"
              style="font-size: 24px; color: rgb(237, 123, 47);"
            >
              <svg
                class="t-icon t-icon-star-filled"
                fill="none"
                height="1em"
                viewBox="0 0 16 16"
                width="1em"
              >
                <path
                  d="M7.6 1.82a.45.45 0 01.8 0l1.8 3.65 4.03.58c.37.05.52.5.25.77l-2.91 2.84.69 4a.45.45 0 01-.66.48L8 12.25l-3.6 1.9a.45.45 0 01-.65-.48l.68-4.01-2.9-2.84a.45.45 0 01.24-.77l4.03-.58 1.8-3.65z"
                  fill="currentColor"
                  fill-opacity="0.9"
                />
              </svg>
            </div>
            <div
              class="t-rate__star-bottom"
              style="font-size: 24px;"
            >
              <svg
                class="t-icon t-icon-star-filled"
                fill="none"
                height="1em"
                viewBox="0 0 16 16"
                width="1em"
              >
                <path
                  d="M7.6 1.82a.45.45 0 01.8 0l1.8 3.65 4.03.58c.37.05.52.5.25.77l-2.91 2.84.69 4a.45.45 0 01-.66.48L8 12.25l-3.6 1.9a.45.45 0 01-.65-.48l.68-4.01-2.9-2.84a.45.45 0 01.24-.77l4.03-.58 1.8-3.65z"
                  fill="currentColor"
                  fill-opacity="0.9"
                />
              </svg>
            </div>
          </div>
        </li>
        <li
          class="t-rate__item t-rate__item--full"
        >
          <div>
            <div
              class="t-rate__star-top"
              style="font-size: 24px; color: rgb(237, 123, 47);"
            >
              <svg
                class="t-icon t-icon-star-filled"
                fill="none"
                height="1em"
                viewBox="0 0 16 16"
                width="1em"
              >
                <path
                  d="M7.6 1.82a.45.45 0 01.8 0l1.8 3.65 4.03.58c.37.05.52.5.25.77l-2.91 2.84.69 4a.45.45 0 01-.66.48L8 12.25l-3.6 1.9a.45.45 0 01-.65-.48l.68-4.01-2.9-2.84a.45.45 0 01.24-.77l4.03-.58 1.8-3.65z"
                  fill="currentColor"
                  fill-opacity="0.9"
                />
              </svg>
            </div>
            <div
              class="t-rate__star-bottom"
              style="font-size: 24px;"
            >
              <svg
                class="t-icon t-icon-star-filled"
                fill="none"
                height="1em"
                viewBox="0 0 16 16"
                width="1em"
              >
                <path
                  d="M7.6 1.82a.45.45 0 01.8 0l1.8 3.65 4.03.58c.37.05.52.5.25.77l-2.91 2.84.69 4a.45.45 0 01-.66.48L8 12.25l-3.6 1.9a.45.45 0 01-.65-.48l.68-4.01-2.9-2.84a.45.45 0 01.24-.77l4.03-.58 1.8-3.65z"
                  fill="currentColor"
                  fill-opacity="0.9"
                />
              </svg>
            </div>
          </div>
        </li>
        <li
          class="t-rate__item t-rate__item--full"
        >
          <div>
            <div
              class="t-rate__star-top"
              style="font-size: 24px; color: rgb(237, 123, 47);"
            >
              <svg
                class="t-icon t-icon-star-filled"
                fill="none"
                height="1em"
                viewBox="0 0 16 16"
                width="1em"
              >
                <path
                  d="M7.6 1.82a.45.45 0 01.8 0l1.8 3.65 4.03.58c.37.05.52.5.25.77l-2.91 2.84.69 4a.45.45 0 01-.66.48L8 12.25l-3.6 1.9a.45.45 0 01-.65-.48l.68-4.01-2.9-2.84a.45.45 0 01.24-.77l4.03-.58 1.8-3.65z"
                  fill="currentColor"
                  fill-opacity="0.9"
                />
              </svg>
            </div>
            <div
              class="t-rate__star-bottom"
              style="font-size: 24px;"
            >
              <svg
                class="t-icon t-icon-star-filled"
                fill="none"
                height="1em"
                viewBox="0 0 16 16"
                width="1em"
              >
                <path
                  d="M7.6 1.82a.45.45 0 01.8 0l1.8 3.65 4.03.58c.37.05.52.5.25.77l-2.91 2.84.69 4a.45.45 0 01-.66.48L8 12.25l-3.6 1.9a.45.45 0 01-.65-.48l.68-4.01-2.9-2.84a.45.45 0 01.24-.77l4.03-.58 1.8-3.65z"
                  fill="currentColor"
                  fill-opacity="0.9"
                />
              </svg>
            </div>
          </div>
        </li>
      </ul>
    </div>
  </div>
</div>
`;

exports[`Rate Rate statusVue demo works fine 1`] = `
<div
  class="t-space t-space-vertical"
  style="gap: 16px;"
>
  <div
    class="t-space-item"
  >
    <h3>
      未评分状态
    </h3>
  </div>
  <div
    class="t-space-item"
  >
    <div
      class="t-rate"
    >
      <ul
        class="t-rate__list"
        style="gap: 4px;"
      >
        <li
          class="t-rate__item"
        >
          <div>
            <div
              class="t-rate__star-top"
              style="font-size: 24px; color: rgb(237, 123, 47);"
            >
              <svg
                class="t-icon t-icon-star-filled"
                fill="none"
                height="1em"
                viewBox="0 0 16 16"
                width="1em"
              >
                <path
                  d="M7.6 1.82a.45.45 0 01.8 0l1.8 3.65 4.03.58c.37.05.52.5.25.77l-2.91 2.84.69 4a.45.45 0 01-.66.48L8 12.25l-3.6 1.9a.45.45 0 01-.65-.48l.68-4.01-2.9-2.84a.45.45 0 01.24-.77l4.03-.58 1.8-3.65z"
                  fill="currentColor"
                  fill-opacity="0.9"
                />
              </svg>
            </div>
            <div
              class="t-rate__star-bottom"
              style="font-size: 24px;"
            >
              <svg
                class="t-icon t-icon-star-filled"
                fill="none"
                height="1em"
                viewBox="0 0 16 16"
                width="1em"
              >
                <path
                  d="M7.6 1.82a.45.45 0 01.8 0l1.8 3.65 4.03.58c.37.05.52.5.25.77l-2.91 2.84.69 4a.45.45 0 01-.66.48L8 12.25l-3.6 1.9a.45.45 0 01-.65-.48l.68-4.01-2.9-2.84a.45.45 0 01.24-.77l4.03-.58 1.8-3.65z"
                  fill="currentColor"
                  fill-opacity="0.9"
                />
              </svg>
            </div>
          </div>
        </li>
        <li
          class="t-rate__item"
        >
          <div>
            <div
              class="t-rate__star-top"
              style="font-size: 24px; color: rgb(237, 123, 47);"
            >
              <svg
                class="t-icon t-icon-star-filled"
                fill="none"
                height="1em"
                viewBox="0 0 16 16"
                width="1em"
              >
                <path
                  d="M7.6 1.82a.45.45 0 01.8 0l1.8 3.65 4.03.58c.37.05.52.5.25.77l-2.91 2.84.69 4a.45.45 0 01-.66.48L8 12.25l-3.6 1.9a.45.45 0 01-.65-.48l.68-4.01-2.9-2.84a.45.45 0 01.24-.77l4.03-.58 1.8-3.65z"
                  fill="currentColor"
                  fill-opacity="0.9"
                />
              </svg>
            </div>
            <div
              class="t-rate__star-bottom"
              style="font-size: 24px;"
            >
              <svg
                class="t-icon t-icon-star-filled"
                fill="none"
                height="1em"
                viewBox="0 0 16 16"
                width="1em"
              >
                <path
                  d="M7.6 1.82a.45.45 0 01.8 0l1.8 3.65 4.03.58c.37.05.52.5.25.77l-2.91 2.84.69 4a.45.45 0 01-.66.48L8 12.25l-3.6 1.9a.45.45 0 01-.65-.48l.68-4.01-2.9-2.84a.45.45 0 01.24-.77l4.03-.58 1.8-3.65z"
                  fill="currentColor"
                  fill-opacity="0.9"
                />
              </svg>
            </div>
          </div>
        </li>
        <li
          class="t-rate__item"
        >
          <div>
            <div
              class="t-rate__star-top"
              style="font-size: 24px; color: rgb(237, 123, 47);"
            >
              <svg
                class="t-icon t-icon-star-filled"
                fill="none"
                height="1em"
                viewBox="0 0 16 16"
                width="1em"
              >
                <path
                  d="M7.6 1.82a.45.45 0 01.8 0l1.8 3.65 4.03.58c.37.05.52.5.25.77l-2.91 2.84.69 4a.45.45 0 01-.66.48L8 12.25l-3.6 1.9a.45.45 0 01-.65-.48l.68-4.01-2.9-2.84a.45.45 0 01.24-.77l4.03-.58 1.8-3.65z"
                  fill="currentColor"
                  fill-opacity="0.9"
                />
              </svg>
            </div>
            <div
              class="t-rate__star-bottom"
              style="font-size: 24px;"
            >
              <svg
                class="t-icon t-icon-star-filled"
                fill="none"
                height="1em"
                viewBox="0 0 16 16"
                width="1em"
              >
                <path
                  d="M7.6 1.82a.45.45 0 01.8 0l1.8 3.65 4.03.58c.37.05.52.5.25.77l-2.91 2.84.69 4a.45.45 0 01-.66.48L8 12.25l-3.6 1.9a.45.45 0 01-.65-.48l.68-4.01-2.9-2.84a.45.45 0 01.24-.77l4.03-.58 1.8-3.65z"
                  fill="currentColor"
                  fill-opacity="0.9"
                />
              </svg>
            </div>
          </div>
        </li>
        <li
          class="t-rate__item"
        >
          <div>
            <div
              class="t-rate__star-top"
              style="font-size: 24px; color: rgb(237, 123, 47);"
            >
              <svg
                class="t-icon t-icon-star-filled"
                fill="none"
                height="1em"
                viewBox="0 0 16 16"
                width="1em"
              >
                <path
                  d="M7.6 1.82a.45.45 0 01.8 0l1.8 3.65 4.03.58c.37.05.52.5.25.77l-2.91 2.84.69 4a.45.45 0 01-.66.48L8 12.25l-3.6 1.9a.45.45 0 01-.65-.48l.68-4.01-2.9-2.84a.45.45 0 01.24-.77l4.03-.58 1.8-3.65z"
                  fill="currentColor"
                  fill-opacity="0.9"
                />
              </svg>
            </div>
            <div
              class="t-rate__star-bottom"
              style="font-size: 24px;"
            >
              <svg
                class="t-icon t-icon-star-filled"
                fill="none"
                height="1em"
                viewBox="0 0 16 16"
                width="1em"
              >
                <path
                  d="M7.6 1.82a.45.45 0 01.8 0l1.8 3.65 4.03.58c.37.05.52.5.25.77l-2.91 2.84.69 4a.45.45 0 01-.66.48L8 12.25l-3.6 1.9a.45.45 0 01-.65-.48l.68-4.01-2.9-2.84a.45.45 0 01.24-.77l4.03-.58 1.8-3.65z"
                  fill="currentColor"
                  fill-opacity="0.9"
                />
              </svg>
            </div>
          </div>
        </li>
        <li
          class="t-rate__item"
        >
          <div>
            <div
              class="t-rate__star-top"
              style="font-size: 24px; color: rgb(237, 123, 47);"
            >
              <svg
                class="t-icon t-icon-star-filled"
                fill="none"
                height="1em"
                viewBox="0 0 16 16"
                width="1em"
              >
                <path
                  d="M7.6 1.82a.45.45 0 01.8 0l1.8 3.65 4.03.58c.37.05.52.5.25.77l-2.91 2.84.69 4a.45.45 0 01-.66.48L8 12.25l-3.6 1.9a.45.45 0 01-.65-.48l.68-4.01-2.9-2.84a.45.45 0 01.24-.77l4.03-.58 1.8-3.65z"
                  fill="currentColor"
                  fill-opacity="0.9"
                />
              </svg>
            </div>
            <div
              class="t-rate__star-bottom"
              style="font-size: 24px;"
            >
              <svg
                class="t-icon t-icon-star-filled"
                fill="none"
                height="1em"
                viewBox="0 0 16 16"
                width="1em"
              >
                <path
                  d="M7.6 1.82a.45.45 0 01.8 0l1.8 3.65 4.03.58c.37.05.52.5.25.77l-2.91 2.84.69 4a.45.45 0 01-.66.48L8 12.25l-3.6 1.9a.45.45 0 01-.65-.48l.68-4.01-2.9-2.84a.45.45 0 01.24-.77l4.03-.58 1.8-3.65z"
                  fill="currentColor"
                  fill-opacity="0.9"
                />
              </svg>
            </div>
          </div>
        </li>
      </ul>
    </div>
  </div>
  <div
    class="t-space-item"
  >
    <h3>
      满分状态
    </h3>
  </div>
  <div
    class="t-space-item"
  >
    <div
      class="t-rate"
    >
      <ul
        class="t-rate__list"
        style="gap: 4px;"
      >
        <li
          class="t-rate__item t-rate__item--full"
        >
          <div>
            <div
              class="t-rate__star-top"
              style="font-size: 24px; color: rgb(237, 123, 47);"
            >
              <svg
                class="t-icon t-icon-star-filled"
                fill="none"
                height="1em"
                viewBox="0 0 16 16"
                width="1em"
              >
                <path
                  d="M7.6 1.82a.45.45 0 01.8 0l1.8 3.65 4.03.58c.37.05.52.5.25.77l-2.91 2.84.69 4a.45.45 0 01-.66.48L8 12.25l-3.6 1.9a.45.45 0 01-.65-.48l.68-4.01-2.9-2.84a.45.45 0 01.24-.77l4.03-.58 1.8-3.65z"
                  fill="currentColor"
                  fill-opacity="0.9"
                />
              </svg>
            </div>
            <div
              class="t-rate__star-bottom"
              style="font-size: 24px;"
            >
              <svg
                class="t-icon t-icon-star-filled"
                fill="none"
                height="1em"
                viewBox="0 0 16 16"
                width="1em"
              >
                <path
                  d="M7.6 1.82a.45.45 0 01.8 0l1.8 3.65 4.03.58c.37.05.52.5.25.77l-2.91 2.84.69 4a.45.45 0 01-.66.48L8 12.25l-3.6 1.9a.45.45 0 01-.65-.48l.68-4.01-2.9-2.84a.45.45 0 01.24-.77l4.03-.58 1.8-3.65z"
                  fill="currentColor"
                  fill-opacity="0.9"
                />
              </svg>
            </div>
          </div>
        </li>
        <li
          class="t-rate__item t-rate__item--full"
        >
          <div>
            <div
              class="t-rate__star-top"
              style="font-size: 24px; color: rgb(237, 123, 47);"
            >
              <svg
                class="t-icon t-icon-star-filled"
                fill="none"
                height="1em"
                viewBox="0 0 16 16"
                width="1em"
              >
                <path
                  d="M7.6 1.82a.45.45 0 01.8 0l1.8 3.65 4.03.58c.37.05.52.5.25.77l-2.91 2.84.69 4a.45.45 0 01-.66.48L8 12.25l-3.6 1.9a.45.45 0 01-.65-.48l.68-4.01-2.9-2.84a.45.45 0 01.24-.77l4.03-.58 1.8-3.65z"
                  fill="currentColor"
                  fill-opacity="0.9"
                />
              </svg>
            </div>
            <div
              class="t-rate__star-bottom"
              style="font-size: 24px;"
            >
              <svg
                class="t-icon t-icon-star-filled"
                fill="none"
                height="1em"
                viewBox="0 0 16 16"
                width="1em"
              >
                <path
                  d="M7.6 1.82a.45.45 0 01.8 0l1.8 3.65 4.03.58c.37.05.52.5.25.77l-2.91 2.84.69 4a.45.45 0 01-.66.48L8 12.25l-3.6 1.9a.45.45 0 01-.65-.48l.68-4.01-2.9-2.84a.45.45 0 01.24-.77l4.03-.58 1.8-3.65z"
                  fill="currentColor"
                  fill-opacity="0.9"
                />
              </svg>
            </div>
          </div>
        </li>
        <li
          class="t-rate__item t-rate__item--full"
        >
          <div>
            <div
              class="t-rate__star-top"
              style="font-size: 24px; color: rgb(237, 123, 47);"
            >
              <svg
                class="t-icon t-icon-star-filled"
                fill="none"
                height="1em"
                viewBox="0 0 16 16"
                width="1em"
              >
                <path
                  d="M7.6 1.82a.45.45 0 01.8 0l1.8 3.65 4.03.58c.37.05.52.5.25.77l-2.91 2.84.69 4a.45.45 0 01-.66.48L8 12.25l-3.6 1.9a.45.45 0 01-.65-.48l.68-4.01-2.9-2.84a.45.45 0 01.24-.77l4.03-.58 1.8-3.65z"
                  fill="currentColor"
                  fill-opacity="0.9"
                />
              </svg>
            </div>
            <div
              class="t-rate__star-bottom"
              style="font-size: 24px;"
            >
              <svg
                class="t-icon t-icon-star-filled"
                fill="none"
                height="1em"
                viewBox="0 0 16 16"
                width="1em"
              >
                <path
                  d="M7.6 1.82a.45.45 0 01.8 0l1.8 3.65 4.03.58c.37.05.52.5.25.77l-2.91 2.84.69 4a.45.45 0 01-.66.48L8 12.25l-3.6 1.9a.45.45 0 01-.65-.48l.68-4.01-2.9-2.84a.45.45 0 01.24-.77l4.03-.58 1.8-3.65z"
                  fill="currentColor"
                  fill-opacity="0.9"
                />
              </svg>
            </div>
          </div>
        </li>
        <li
          class="t-rate__item t-rate__item--full"
        >
          <div>
            <div
              class="t-rate__star-top"
              style="font-size: 24px; color: rgb(237, 123, 47);"
            >
              <svg
                class="t-icon t-icon-star-filled"
                fill="none"
                height="1em"
                viewBox="0 0 16 16"
                width="1em"
              >
                <path
                  d="M7.6 1.82a.45.45 0 01.8 0l1.8 3.65 4.03.58c.37.05.52.5.25.77l-2.91 2.84.69 4a.45.45 0 01-.66.48L8 12.25l-3.6 1.9a.45.45 0 01-.65-.48l.68-4.01-2.9-2.84a.45.45 0 01.24-.77l4.03-.58 1.8-3.65z"
                  fill="currentColor"
                  fill-opacity="0.9"
                />
              </svg>
            </div>
            <div
              class="t-rate__star-bottom"
              style="font-size: 24px;"
            >
              <svg
                class="t-icon t-icon-star-filled"
                fill="none"
                height="1em"
                viewBox="0 0 16 16"
                width="1em"
              >
                <path
                  d="M7.6 1.82a.45.45 0 01.8 0l1.8 3.65 4.03.58c.37.05.52.5.25.77l-2.91 2.84.69 4a.45.45 0 01-.66.48L8 12.25l-3.6 1.9a.45.45 0 01-.65-.48l.68-4.01-2.9-2.84a.45.45 0 01.24-.77l4.03-.58 1.8-3.65z"
                  fill="currentColor"
                  fill-opacity="0.9"
                />
              </svg>
            </div>
          </div>
        </li>
        <li
          class="t-rate__item t-rate__item--full"
        >
          <div>
            <div
              class="t-rate__star-top"
              style="font-size: 24px; color: rgb(237, 123, 47);"
            >
              <svg
                class="t-icon t-icon-star-filled"
                fill="none"
                height="1em"
                viewBox="0 0 16 16"
                width="1em"
              >
                <path
                  d="M7.6 1.82a.45.45 0 01.8 0l1.8 3.65 4.03.58c.37.05.52.5.25.77l-2.91 2.84.69 4a.45.45 0 01-.66.48L8 12.25l-3.6 1.9a.45.45 0 01-.65-.48l.68-4.01-2.9-2.84a.45.45 0 01.24-.77l4.03-.58 1.8-3.65z"
                  fill="currentColor"
                  fill-opacity="0.9"
                />
              </svg>
            </div>
            <div
              class="t-rate__star-bottom"
              style="font-size: 24px;"
            >
              <svg
                class="t-icon t-icon-star-filled"
                fill="none"
                height="1em"
                viewBox="0 0 16 16"
                width="1em"
              >
                <path
                  d="M7.6 1.82a.45.45 0 01.8 0l1.8 3.65 4.03.58c.37.05.52.5.25.77l-2.91 2.84.69 4a.45.45 0 01-.66.48L8 12.25l-3.6 1.9a.45.45 0 01-.65-.48l.68-4.01-2.9-2.84a.45.45 0 01.24-.77l4.03-.58 1.8-3.65z"
                  fill="currentColor"
                  fill-opacity="0.9"
                />
              </svg>
            </div>
          </div>
        </li>
      </ul>
    </div>
  </div>
  <div
    class="t-space-item"
  >
    <h3>
      半星状态
    </h3>
  </div>
  <div
    class="t-space-item"
  >
    <div
      class="t-rate"
    >
      <ul
        class="t-rate__list"
        style="gap: 4px;"
      >
        <li
          class="t-rate__item t-rate__item--full"
        >
          <div>
            <div
              class="t-rate__star-top"
              style="font-size: 24px; color: rgb(237, 123, 47);"
            >
              <svg
                class="t-icon t-icon-star-filled"
                fill="none"
                height="1em"
                viewBox="0 0 16 16"
                width="1em"
              >
                <path
                  d="M7.6 1.82a.45.45 0 01.8 0l1.8 3.65 4.03.58c.37.05.52.5.25.77l-2.91 2.84.69 4a.45.45 0 01-.66.48L8 12.25l-3.6 1.9a.45.45 0 01-.65-.48l.68-4.01-2.9-2.84a.45.45 0 01.24-.77l4.03-.58 1.8-3.65z"
                  fill="currentColor"
                  fill-opacity="0.9"
                />
              </svg>
            </div>
            <div
              class="t-rate__star-bottom"
              style="font-size: 24px;"
            >
              <svg
                class="t-icon t-icon-star-filled"
                fill="none"
                height="1em"
                viewBox="0 0 16 16"
                width="1em"
              >
                <path
                  d="M7.6 1.82a.45.45 0 01.8 0l1.8 3.65 4.03.58c.37.05.52.5.25.77l-2.91 2.84.69 4a.45.45 0 01-.66.48L8 12.25l-3.6 1.9a.45.45 0 01-.65-.48l.68-4.01-2.9-2.84a.45.45 0 01.24-.77l4.03-.58 1.8-3.65z"
                  fill="currentColor"
                  fill-opacity="0.9"
                />
              </svg>
            </div>
          </div>
        </li>
        <li
          class="t-rate__item t-rate__item--full"
        >
          <div>
            <div
              class="t-rate__star-top"
              style="font-size: 24px; color: rgb(237, 123, 47);"
            >
              <svg
                class="t-icon t-icon-star-filled"
                fill="none"
                height="1em"
                viewBox="0 0 16 16"
                width="1em"
              >
                <path
                  d="M7.6 1.82a.45.45 0 01.8 0l1.8 3.65 4.03.58c.37.05.52.5.25.77l-2.91 2.84.69 4a.45.45 0 01-.66.48L8 12.25l-3.6 1.9a.45.45 0 01-.65-.48l.68-4.01-2.9-2.84a.45.45 0 01.24-.77l4.03-.58 1.8-3.65z"
                  fill="currentColor"
                  fill-opacity="0.9"
                />
              </svg>
            </div>
            <div
              class="t-rate__star-bottom"
              style="font-size: 24px;"
            >
              <svg
                class="t-icon t-icon-star-filled"
                fill="none"
                height="1em"
                viewBox="0 0 16 16"
                width="1em"
              >
                <path
                  d="M7.6 1.82a.45.45 0 01.8 0l1.8 3.65 4.03.58c.37.05.52.5.25.77l-2.91 2.84.69 4a.45.45 0 01-.66.48L8 12.25l-3.6 1.9a.45.45 0 01-.65-.48l.68-4.01-2.9-2.84a.45.45 0 01.24-.77l4.03-.58 1.8-3.65z"
                  fill="currentColor"
                  fill-opacity="0.9"
                />
              </svg>
            </div>
          </div>
        </li>
        <li
          class="t-rate__item t-rate__item--full"
        >
          <div>
            <div
              class="t-rate__star-top"
              style="font-size: 24px; color: rgb(237, 123, 47);"
            >
              <svg
                class="t-icon t-icon-star-filled"
                fill="none"
                height="1em"
                viewBox="0 0 16 16"
                width="1em"
              >
                <path
                  d="M7.6 1.82a.45.45 0 01.8 0l1.8 3.65 4.03.58c.37.05.52.5.25.77l-2.91 2.84.69 4a.45.45 0 01-.66.48L8 12.25l-3.6 1.9a.45.45 0 01-.65-.48l.68-4.01-2.9-2.84a.45.45 0 01.24-.77l4.03-.58 1.8-3.65z"
                  fill="currentColor"
                  fill-opacity="0.9"
                />
              </svg>
            </div>
            <div
              class="t-rate__star-bottom"
              style="font-size: 24px;"
            >
              <svg
                class="t-icon t-icon-star-filled"
                fill="none"
                height="1em"
                viewBox="0 0 16 16"
                width="1em"
              >
                <path
                  d="M7.6 1.82a.45.45 0 01.8 0l1.8 3.65 4.03.58c.37.05.52.5.25.77l-2.91 2.84.69 4a.45.45 0 01-.66.48L8 12.25l-3.6 1.9a.45.45 0 01-.65-.48l.68-4.01-2.9-2.84a.45.45 0 01.24-.77l4.03-.58 1.8-3.65z"
                  fill="currentColor"
                  fill-opacity="0.9"
                />
              </svg>
            </div>
          </div>
        </li>
        <li
          class="t-rate__item t-rate__item--full"
        >
          <div>
            <div
              class="t-rate__star-top"
              style="font-size: 24px; color: rgb(237, 123, 47);"
            >
              <svg
                class="t-icon t-icon-star-filled"
                fill="none"
                height="1em"
                viewBox="0 0 16 16"
                width="1em"
              >
                <path
                  d="M7.6 1.82a.45.45 0 01.8 0l1.8 3.65 4.03.58c.37.05.52.5.25.77l-2.91 2.84.69 4a.45.45 0 01-.66.48L8 12.25l-3.6 1.9a.45.45 0 01-.65-.48l.68-4.01-2.9-2.84a.45.45 0 01.24-.77l4.03-.58 1.8-3.65z"
                  fill="currentColor"
                  fill-opacity="0.9"
                />
              </svg>
            </div>
            <div
              class="t-rate__star-bottom"
              style="font-size: 24px;"
            >
              <svg
                class="t-icon t-icon-star-filled"
                fill="none"
                height="1em"
                viewBox="0 0 16 16"
                width="1em"
              >
                <path
                  d="M7.6 1.82a.45.45 0 01.8 0l1.8 3.65 4.03.58c.37.05.52.5.25.77l-2.91 2.84.69 4a.45.45 0 01-.66.48L8 12.25l-3.6 1.9a.45.45 0 01-.65-.48l.68-4.01-2.9-2.84a.45.45 0 01.24-.77l4.03-.58 1.8-3.65z"
                  fill="currentColor"
                  fill-opacity="0.9"
                />
              </svg>
            </div>
          </div>
        </li>
        <li
          class="t-rate__item t-rate__item--half"
        >
          <div>
            <div
              class="t-rate__star-top"
              style="font-size: 24px; color: rgb(237, 123, 47);"
            >
              <svg
                class="t-icon t-icon-star-filled"
                fill="none"
                height="1em"
                viewBox="0 0 16 16"
                width="1em"
              >
                <path
                  d="M7.6 1.82a.45.45 0 01.8 0l1.8 3.65 4.03.58c.37.05.52.5.25.77l-2.91 2.84.69 4a.45.45 0 01-.66.48L8 12.25l-3.6 1.9a.45.45 0 01-.65-.48l.68-4.01-2.9-2.84a.45.45 0 01.24-.77l4.03-.58 1.8-3.65z"
                  fill="currentColor"
                  fill-opacity="0.9"
                />
              </svg>
            </div>
            <div
              class="t-rate__star-bottom"
              style="font-size: 24px;"
            >
              <svg
                class="t-icon t-icon-star-filled"
                fill="none"
                height="1em"
                viewBox="0 0 16 16"
                width="1em"
              >
                <path
                  d="M7.6 1.82a.45.45 0 01.8 0l1.8 3.65 4.03.58c.37.05.52.5.25.77l-2.91 2.84.69 4a.45.45 0 01-.66.48L8 12.25l-3.6 1.9a.45.45 0 01-.65-.48l.68-4.01-2.9-2.84a.45.45 0 01.24-.77l4.03-.58 1.8-3.65z"
                  fill="currentColor"
                  fill-opacity="0.9"
                />
              </svg>
            </div>
          </div>
        </li>
      </ul>
    </div>
  </div>
</div>
`;

exports[`Rate Rate textsVue demo works fine 1`] = `
<div
  class="t-rate"
>
  <ul
    class="t-rate__list"
    style="gap: 4px;"
  >
    <li
      class="t-rate__item t-rate__item--full"
    >
      <span>
        <div
          class="t-rate__star-top"
          style="font-size: 24px; color: rgb(237, 123, 47);"
        >
          <svg
            class="t-icon t-icon-star-filled"
            fill="none"
            height="1em"
            viewBox="0 0 16 16"
            width="1em"
          >
            <path
              d="M7.6 1.82a.45.45 0 01.8 0l1.8 3.65 4.03.58c.37.05.52.5.25.77l-2.91 2.84.69 4a.45.45 0 01-.66.48L8 12.25l-3.6 1.9a.45.45 0 01-.65-.48l.68-4.01-2.9-2.84a.45.45 0 01.24-.77l4.03-.58 1.8-3.65z"
              fill="currentColor"
              fill-opacity="0.9"
            />
          </svg>
        </div>
        <div
          class="t-rate__star-bottom"
          style="font-size: 24px;"
        >
          <svg
            class="t-icon t-icon-star-filled"
            fill="none"
            height="1em"
            viewBox="0 0 16 16"
            width="1em"
          >
            <path
              d="M7.6 1.82a.45.45 0 01.8 0l1.8 3.65 4.03.58c.37.05.52.5.25.77l-2.91 2.84.69 4a.45.45 0 01-.66.48L8 12.25l-3.6 1.9a.45.45 0 01-.65-.48l.68-4.01-2.9-2.84a.45.45 0 01.24-.77l4.03-.58 1.8-3.65z"
              fill="currentColor"
              fill-opacity="0.9"
            />
          </svg>
        </div>
      </span>
    </li>
    <li
      class="t-rate__item t-rate__item--full"
    >
      <span>
        <div
          class="t-rate__star-top"
          style="font-size: 24px; color: rgb(237, 123, 47);"
        >
          <svg
            class="t-icon t-icon-star-filled"
            fill="none"
            height="1em"
            viewBox="0 0 16 16"
            width="1em"
          >
            <path
              d="M7.6 1.82a.45.45 0 01.8 0l1.8 3.65 4.03.58c.37.05.52.5.25.77l-2.91 2.84.69 4a.45.45 0 01-.66.48L8 12.25l-3.6 1.9a.45.45 0 01-.65-.48l.68-4.01-2.9-2.84a.45.45 0 01.24-.77l4.03-.58 1.8-3.65z"
              fill="currentColor"
              fill-opacity="0.9"
            />
          </svg>
        </div>
        <div
          class="t-rate__star-bottom"
          style="font-size: 24px;"
        >
          <svg
            class="t-icon t-icon-star-filled"
            fill="none"
            height="1em"
            viewBox="0 0 16 16"
            width="1em"
          >
            <path
              d="M7.6 1.82a.45.45 0 01.8 0l1.8 3.65 4.03.58c.37.05.52.5.25.77l-2.91 2.84.69 4a.45.45 0 01-.66.48L8 12.25l-3.6 1.9a.45.45 0 01-.65-.48l.68-4.01-2.9-2.84a.45.45 0 01.24-.77l4.03-.58 1.8-3.65z"
              fill="currentColor"
              fill-opacity="0.9"
            />
          </svg>
        </div>
      </span>
    </li>
    <li
      class="t-rate__item t-rate__item--full"
    >
      <span>
        <div
          class="t-rate__star-top"
          style="font-size: 24px; color: rgb(237, 123, 47);"
        >
          <svg
            class="t-icon t-icon-star-filled"
            fill="none"
            height="1em"
            viewBox="0 0 16 16"
            width="1em"
          >
            <path
              d="M7.6 1.82a.45.45 0 01.8 0l1.8 3.65 4.03.58c.37.05.52.5.25.77l-2.91 2.84.69 4a.45.45 0 01-.66.48L8 12.25l-3.6 1.9a.45.45 0 01-.65-.48l.68-4.01-2.9-2.84a.45.45 0 01.24-.77l4.03-.58 1.8-3.65z"
              fill="currentColor"
              fill-opacity="0.9"
            />
          </svg>
        </div>
        <div
          class="t-rate__star-bottom"
          style="font-size: 24px;"
        >
          <svg
            class="t-icon t-icon-star-filled"
            fill="none"
            height="1em"
            viewBox="0 0 16 16"
            width="1em"
          >
            <path
              d="M7.6 1.82a.45.45 0 01.8 0l1.8 3.65 4.03.58c.37.05.52.5.25.77l-2.91 2.84.69 4a.45.45 0 01-.66.48L8 12.25l-3.6 1.9a.45.45 0 01-.65-.48l.68-4.01-2.9-2.84a.45.45 0 01.24-.77l4.03-.58 1.8-3.65z"
              fill="currentColor"
              fill-opacity="0.9"
            />
          </svg>
        </div>
      </span>
    </li>
    <li
      class="t-rate__item t-rate__item--full"
    >
      <span>
        <div
          class="t-rate__star-top"
          style="font-size: 24px; color: rgb(237, 123, 47);"
        >
          <svg
            class="t-icon t-icon-star-filled"
            fill="none"
            height="1em"
            viewBox="0 0 16 16"
            width="1em"
          >
            <path
              d="M7.6 1.82a.45.45 0 01.8 0l1.8 3.65 4.03.58c.37.05.52.5.25.77l-2.91 2.84.69 4a.45.45 0 01-.66.48L8 12.25l-3.6 1.9a.45.45 0 01-.65-.48l.68-4.01-2.9-2.84a.45.45 0 01.24-.77l4.03-.58 1.8-3.65z"
              fill="currentColor"
              fill-opacity="0.9"
            />
          </svg>
        </div>
        <div
          class="t-rate__star-bottom"
          style="font-size: 24px;"
        >
          <svg
            class="t-icon t-icon-star-filled"
            fill="none"
            height="1em"
            viewBox="0 0 16 16"
            width="1em"
          >
            <path
              d="M7.6 1.82a.45.45 0 01.8 0l1.8 3.65 4.03.58c.37.05.52.5.25.77l-2.91 2.84.69 4a.45.45 0 01-.66.48L8 12.25l-3.6 1.9a.45.45 0 01-.65-.48l.68-4.01-2.9-2.84a.45.45 0 01.24-.77l4.03-.58 1.8-3.65z"
              fill="currentColor"
              fill-opacity="0.9"
            />
          </svg>
        </div>
      </span>
    </li>
    <li
      class="t-rate__item"
    >
      <span>
        <div
          class="t-rate__star-top"
          style="font-size: 24px; color: rgb(237, 123, 47);"
        >
          <svg
            class="t-icon t-icon-star-filled"
            fill="none"
            height="1em"
            viewBox="0 0 16 16"
            width="1em"
          >
            <path
              d="M7.6 1.82a.45.45 0 01.8 0l1.8 3.65 4.03.58c.37.05.52.5.25.77l-2.91 2.84.69 4a.45.45 0 01-.66.48L8 12.25l-3.6 1.9a.45.45 0 01-.65-.48l.68-4.01-2.9-2.84a.45.45 0 01.24-.77l4.03-.58 1.8-3.65z"
              fill="currentColor"
              fill-opacity="0.9"
            />
          </svg>
        </div>
        <div
          class="t-rate__star-bottom"
          style="font-size: 24px;"
        >
          <svg
            class="t-icon t-icon-star-filled"
            fill="none"
            height="1em"
            viewBox="0 0 16 16"
            width="1em"
          >
            <path
              d="M7.6 1.82a.45.45 0 01.8 0l1.8 3.65 4.03.58c.37.05.52.5.25.77l-2.91 2.84.69 4a.45.45 0 01-.66.48L8 12.25l-3.6 1.9a.45.45 0 01-.65-.48l.68-4.01-2.9-2.84a.45.45 0 01.24-.77l4.03-.58 1.8-3.65z"
              fill="currentColor"
              fill-opacity="0.9"
            />
          </svg>
        </div>
      </span>
    </li>
  </ul>
  <div
    class="t-rate__text"
  >
    满意
  </div>
</div>
`;
